stm32l0xx_hal_tsc.c:189:19:HAL_TSC_Init	24	static
stm32l0xx_hal_tsc.c:294:19:HAL_TSC_DeInit	16	static
stm32l0xx_hal_tsc.c:337:13:HAL_TSC_MspInit	16	static
stm32l0xx_hal_tsc.c:353:13:HAL_TSC_MspDeInit	16	static
stm32l0xx_hal_tsc.c:572:19:HAL_TSC_Start	16	static
stm32l0xx_hal_tsc.c:615:19:HAL_TSC_Start_IT	16	static
stm32l0xx_hal_tsc.c:669:19:HAL_TSC_Stop	16	static
stm32l0xx_hal_tsc.c:702:19:HAL_TSC_Stop_IT	16	static
stm32l0xx_hal_tsc.c:740:19:HAL_TSC_PollForAcquisition	16	static
stm32l0xx_hal_tsc.c:767:24:HAL_TSC_GroupGetStatus	16	static
stm32l0xx_hal_tsc.c:784:10:HAL_TSC_GroupGetValue	16	static
stm32l0xx_hal_tsc.c:819:19:HAL_TSC_IOConfig	24	static
stm32l0xx_hal_tsc.c:859:19:HAL_TSC_IODischarge	16	static
stm32l0xx_hal_tsc.c:908:22:HAL_TSC_GetState	16	static
stm32l0xx_hal_tsc.c:950:6:HAL_TSC_IRQHandler	16	static
stm32l0xx_hal_tsc.c:995:13:HAL_TSC_ConvCpltCallback	16	static
stm32l0xx_hal_tsc.c:1011:13:HAL_TSC_ErrorCallback	16	static
stm32l0xx_hal_tsc.c:1039:17:TSC_extract_groups	24	static
