Archive member included to satisfy reference by file (symbol)

c:/programs/st/stm32cubeide_1.4.0/stm32cubeide/plugins/com.st.stm32cube.ide.mcu.externaltools.gnu-tools-for-stm32.7-2018-q2-update.win32_1.4.0.202007081208/tools/bin/../lib/gcc/arm-none-eabi/7.3.1/../../../../arm-none-eabi/lib/thumb/v7e-m/fpv4-sp/hard\libc_nano.a(lib_a-errno.o)
                              Core/Src/syscalls.o (__errno)
c:/programs/st/stm32cubeide_1.4.0/stm32cubeide/plugins/com.st.stm32cube.ide.mcu.externaltools.gnu-tools-for-stm32.7-2018-q2-update.win32_1.4.0.202007081208/tools/bin/../lib/gcc/arm-none-eabi/7.3.1/../../../../arm-none-eabi/lib/thumb/v7e-m/fpv4-sp/hard\libc_nano.a(lib_a-exit.o)
                              c:/programs/st/stm32cubeide_1.4.0/stm32cubeide/plugins/com.st.stm32cube.ide.mcu.externaltools.gnu-tools-for-stm32.7-2018-q2-update.win32_1.4.0.202007081208/tools/bin/../lib/gcc/arm-none-eabi/7.3.1/../../../../arm-none-eabi/lib/thumb/v7e-m/fpv4-sp/hard/crt0.o (exit)
c:/programs/st/stm32cubeide_1.4.0/stm32cubeide/plugins/com.st.stm32cube.ide.mcu.externaltools.gnu-tools-for-stm32.7-2018-q2-update.win32_1.4.0.202007081208/tools/bin/../lib/gcc/arm-none-eabi/7.3.1/../../../../arm-none-eabi/lib/thumb/v7e-m/fpv4-sp/hard\libc_nano.a(lib_a-impure.o)
                              c:/programs/st/stm32cubeide_1.4.0/stm32cubeide/plugins/com.st.stm32cube.ide.mcu.externaltools.gnu-tools-for-stm32.7-2018-q2-update.win32_1.4.0.202007081208/tools/bin/../lib/gcc/arm-none-eabi/7.3.1/../../../../arm-none-eabi/lib/thumb/v7e-m/fpv4-sp/hard\libc_nano.a(lib_a-exit.o) (_global_impure_ptr)
c:/programs/st/stm32cubeide_1.4.0/stm32cubeide/plugins/com.st.stm32cube.ide.mcu.externaltools.gnu-tools-for-stm32.7-2018-q2-update.win32_1.4.0.202007081208/tools/bin/../lib/gcc/arm-none-eabi/7.3.1/../../../../arm-none-eabi/lib/thumb/v7e-m/fpv4-sp/hard\libc_nano.a(lib_a-init.o)
                              c:/programs/st/stm32cubeide_1.4.0/stm32cubeide/plugins/com.st.stm32cube.ide.mcu.externaltools.gnu-tools-for-stm32.7-2018-q2-update.win32_1.4.0.202007081208/tools/bin/../lib/gcc/arm-none-eabi/7.3.1/../../../../arm-none-eabi/lib/thumb/v7e-m/fpv4-sp/hard/crt0.o (__libc_init_array)
c:/programs/st/stm32cubeide_1.4.0/stm32cubeide/plugins/com.st.stm32cube.ide.mcu.externaltools.gnu-tools-for-stm32.7-2018-q2-update.win32_1.4.0.202007081208/tools/bin/../lib/gcc/arm-none-eabi/7.3.1/../../../../arm-none-eabi/lib/thumb/v7e-m/fpv4-sp/hard\libc_nano.a(lib_a-memset.o)
                              c:/programs/st/stm32cubeide_1.4.0/stm32cubeide/plugins/com.st.stm32cube.ide.mcu.externaltools.gnu-tools-for-stm32.7-2018-q2-update.win32_1.4.0.202007081208/tools/bin/../lib/gcc/arm-none-eabi/7.3.1/../../../../arm-none-eabi/lib/thumb/v7e-m/fpv4-sp/hard/crt0.o (memset)

Allocating common symbols
Common symbol       size              file

uwTick              0x4               Drivers/STM32F3xx_HAL_Driver/Src/stm32f3xx_hal.o
pFlash              0x20              Drivers/STM32F3xx_HAL_Driver/Src/stm32f3xx_hal_flash.o

Discarded input sections

 .text          0x0000000000000000        0x0 c:/programs/st/stm32cubeide_1.4.0/stm32cubeide/plugins/com.st.stm32cube.ide.mcu.externaltools.gnu-tools-for-stm32.7-2018-q2-update.win32_1.4.0.202007081208/tools/bin/../lib/gcc/arm-none-eabi/7.3.1/thumb/v7e-m/fpv4-sp/hard/crti.o
 .data          0x0000000000000000        0x0 c:/programs/st/stm32cubeide_1.4.0/stm32cubeide/plugins/com.st.stm32cube.ide.mcu.externaltools.gnu-tools-for-stm32.7-2018-q2-update.win32_1.4.0.202007081208/tools/bin/../lib/gcc/arm-none-eabi/7.3.1/thumb/v7e-m/fpv4-sp/hard/crti.o
 .bss           0x0000000000000000        0x0 c:/programs/st/stm32cubeide_1.4.0/stm32cubeide/plugins/com.st.stm32cube.ide.mcu.externaltools.gnu-tools-for-stm32.7-2018-q2-update.win32_1.4.0.202007081208/tools/bin/../lib/gcc/arm-none-eabi/7.3.1/thumb/v7e-m/fpv4-sp/hard/crti.o
 .data          0x0000000000000000        0x4 c:/programs/st/stm32cubeide_1.4.0/stm32cubeide/plugins/com.st.stm32cube.ide.mcu.externaltools.gnu-tools-for-stm32.7-2018-q2-update.win32_1.4.0.202007081208/tools/bin/../lib/gcc/arm-none-eabi/7.3.1/thumb/v7e-m/fpv4-sp/hard/crtbegin.o
 .text          0x0000000000000000       0x74 c:/programs/st/stm32cubeide_1.4.0/stm32cubeide/plugins/com.st.stm32cube.ide.mcu.externaltools.gnu-tools-for-stm32.7-2018-q2-update.win32_1.4.0.202007081208/tools/bin/../lib/gcc/arm-none-eabi/7.3.1/../../../../arm-none-eabi/lib/thumb/v7e-m/fpv4-sp/hard/crt0.o
 .data          0x0000000000000000        0x0 c:/programs/st/stm32cubeide_1.4.0/stm32cubeide/plugins/com.st.stm32cube.ide.mcu.externaltools.gnu-tools-for-stm32.7-2018-q2-update.win32_1.4.0.202007081208/tools/bin/../lib/gcc/arm-none-eabi/7.3.1/../../../../arm-none-eabi/lib/thumb/v7e-m/fpv4-sp/hard/crt0.o
[...]
Memory Configuration

Name             Origin             Length             Attributes
CCMRAM           0x0000000010000000 0x0000000000002000 xrw
RAM              0x0000000020000000 0x000000000000a000 xrw
FLASH            0x0000000008000000 0x0000000000040000 xr
*default*        0x0000000000000000 0xffffffffffffffff

Linker script and memory map

LOAD c:/programs/st/stm32cubeide_1.4.0/stm32cubeide/plugins/com.st.stm32cube.ide.mcu.externaltools.gnu-tools-for-stm32.7-2018-q2-update.win32_1.4.0.202007081208/tools/bin/../lib/gcc/arm-none-eabi/7.3.1/thumb/v7e-m/fpv4-sp/hard/crti.o
LOAD c:/programs/st/stm32cubeide_1.4.0/stm32cubeide/plugins/com.st.stm32cube.ide.mcu.externaltools.gnu-tools-for-stm32.7-2018-q2-update.win32_1.4.0.202007081208/tools/bin/../lib/gcc/arm-none-eabi/7.3.1/thumb/v7e-m/fpv4-sp/hard/crtbegin.o
LOAD c:/programs/st/stm32cubeide_1.4.0/stm32cubeide/plugins/com.st.stm32cube.ide.mcu.externaltools.gnu-tools-for-stm32.7-2018-q2-update.win32_1.4.0.202007081208/tools/bin/../lib/gcc/arm-none-eabi/7.3.1/../../../../arm-none-eabi/lib/thumb/v7e-m/fpv4-sp/hard/crt0.o
LOAD Core/Src/main.o
LOAD Core/Src/stm32f3xx_hal_msp.o
LOAD Core/Src/stm32f3xx_it.o
LOAD Core/Src/syscalls.o
LOAD Core/Src/sysmem.o
LOAD Core/Src/system_stm32f3xx.o
LOAD Core/Startup/startup_stm32f303vctx.o
LOAD Drivers/STM32F3xx_HAL_Driver/Src/stm32f3xx_hal.o
LOAD Drivers/STM32F3xx_HAL_Driver/Src/stm32f3xx_hal_cortex.o
LOAD Drivers/STM32F3xx_HAL_Driver/Src/stm32f3xx_hal_dma.o
LOAD Drivers/STM32F3xx_HAL_Driver/Src/stm32f3xx_hal_exti.o
LOAD Drivers/STM32F3xx_HAL_Driver/Src/stm32f3xx_hal_flash.o
LOAD Drivers/STM32F3xx_HAL_Driver/Src/stm32f3xx_hal_flash_ex.o
LOAD Drivers/STM32F3xx_HAL_Driver/Src/stm32f3xx_hal_gpio.o
LOAD Drivers/STM32F3xx_HAL_Driver/Src/stm32f3xx_hal_i2c.o
LOAD Drivers/STM32F3xx_HAL_Driver/Src/stm32f3xx_hal_i2c_ex.o
LOAD Drivers/STM32F3xx_HAL_Driver/Src/stm32f3xx_hal_pwr.o
LOAD Drivers/STM32F3xx_HAL_Driver/Src/stm32f3xx_hal_pwr_ex.o
LOAD Drivers/STM32F3xx_HAL_Driver/Src/stm32f3xx_hal_rcc.o
LOAD Drivers/STM32F3xx_HAL_Driver/Src/stm32f3xx_hal_rcc_ex.o
LOAD Drivers/STM32F3xx_HAL_Driver/Src/stm32f3xx_hal_tim.o
LOAD Drivers/STM32F3xx_HAL_Driver/Src/stm32f3xx_hal_tim_ex.o
START GROUP
LOAD c:/programs/st/stm32cubeide_1.4.0/stm32cubeide/plugins/com.st.stm32cube.ide.mcu.externaltools.gnu-tools-for-stm32.7-2018-q2-update.win32_1.4.0.202007081208/tools/bin/../lib/gcc/arm-none-eabi/7.3.1/../../../../arm-none-eabi/lib/thumb/v7e-m/fpv4-sp/hard\libc_nano.a
LOAD c:/programs/st/stm32cubeide_1.4.0/stm32cubeide/plugins/com.st.stm32cube.ide.mcu.externaltools.gnu-tools-for-stm32.7-2018-q2-update.win32_1.4.0.202007081208/tools/bin/../lib/gcc/arm-none-eabi/7.3.1/../../../../arm-none-eabi/lib/thumb/v7e-m/fpv4-sp/hard\libm.a
END GROUP
START GROUP
LOAD c:/programs/st/stm32cubeide_1.4.0/stm32cubeide/plugins/com.st.stm32cube.ide.mcu.externaltools.gnu-tools-for-stm32.7-2018-q2-update.win32_1.4.0.202007081208/tools/bin/../lib/gcc/arm-none-eabi/7.3.1/thumb/v7e-m/fpv4-sp/hard\libgcc.a
LOAD c:/programs/st/stm32cubeide_1.4.0/stm32cubeide/plugins/com.st.stm32cube.ide.mcu.externaltools.gnu-tools-for-stm32.7-2018-q2-update.win32_1.4.0.202007081208/tools/bin/../lib/gcc/arm-none-eabi/7.3.1/../../../../arm-none-eabi/lib/thumb/v7e-m/fpv4-sp/hard\libc_nano.a
END GROUP
START GROUP
LOAD c:/programs/st/stm32cubeide_1.4.0/stm32cubeide/plugins/com.st.stm32cube.ide.mcu.externaltools.gnu-tools-for-stm32.7-2018-q2-update.win32_1.4.0.202007081208/tools/bin/../lib/gcc/arm-none-eabi/7.3.1/thumb/v7e-m/fpv4-sp/hard\libgcc.a
LOAD c:/programs/st/stm32cubeide_1.4.0/stm32cubeide/plugins/com.st.stm32cube.ide.mcu.externaltools.gnu-tools-for-stm32.7-2018-q2-update.win32_1.4.0.202007081208/tools/bin/../lib/gcc/arm-none-eabi/7.3.1/../../../../arm-none-eabi/lib/thumb/v7e-m/fpv4-sp/hard\libc_nano.a
LOAD c:/programs/st/stm32cubeide_1.4.0/stm32cubeide/plugins/com.st.stm32cube.ide.mcu.externaltools.gnu-tools-for-stm32.7-2018-q2-update.win32_1.4.0.202007081208/tools/bin/../lib/gcc/arm-none-eabi/7.3.1/../../../../arm-none-eabi/lib/thumb/v7e-m/fpv4-sp/hard\libnosys.a
END GROUP
START GROUP
LOAD c:/programs/st/stm32cubeide_1.4.0/stm32cubeide/plugins/com.st.stm32cube.ide.mcu.externaltools.gnu-tools-for-stm32.7-2018-q2-update.win32_1.4.0.202007081208/tools/bin/../lib/gcc/arm-none-eabi/7.3.1/thumb/v7e-m/fpv4-sp/hard\libgcc.a
LOAD c:/programs/st/stm32cubeide_1.4.0/stm32cubeide/plugins/com.st.stm32cube.ide.mcu.externaltools.gnu-tools-for-stm32.7-2018-q2-update.win32_1.4.0.202007081208/tools/bin/../lib/gcc/arm-none-eabi/7.3.1/../../../../arm-none-eabi/lib/thumb/v7e-m/fpv4-sp/hard\libc_nano.a
LOAD c:/programs/st/stm32cubeide_1.4.0/stm32cubeide/plugins/com.st.stm32cube.ide.mcu.externaltools.gnu-tools-for-stm32.7-2018-q2-update.win32_1.4.0.202007081208/tools/bin/../lib/gcc/arm-none-eabi/7.3.1/../../../../arm-none-eabi/lib/thumb/v7e-m/fpv4-sp/hard\libnosys.a
END GROUP
LOAD c:/programs/st/stm32cubeide_1.4.0/stm32cubeide/plugins/com.st.stm32cube.ide.mcu.externaltools.gnu-tools-for-stm32.7-2018-q2-update.win32_1.4.0.202007081208/tools/bin/../lib/gcc/arm-none-eabi/7.3.1/thumb/v7e-m/fpv4-sp/hard/crtend.o
LOAD c:/programs/st/stm32cubeide_1.4.0/stm32cubeide/plugins/com.st.stm32cube.ide.mcu.externaltools.gnu-tools-for-stm32.7-2018-q2-update.win32_1.4.0.202007081208/tools/bin/../lib/gcc/arm-none-eabi/7.3.1/thumb/v7e-m/fpv4-sp/hard/crtn.o
                0x000000002000a000                _estack = (ORIGIN (RAM) + LENGTH (RAM))
                0x0000000000000200                _Min_Heap_Size = 0x200
                0x0000000000000400                _Min_Stack_Size = 0x400

.isr_vector     0x0000000008000000      0x188
                0x0000000008000000                . = ALIGN (0x4)
 *(.isr_vector)
 .isr_vector    0x0000000008000000      0x188 Core/Startup/startup_stm32f303vctx.o
                0x0000000008000000                g_pfnVectors
                0x0000000008000188                . = ALIGN (0x4)

.text           0x0000000008000188     0x1748
                0x0000000008000188                . = ALIGN (0x4)
 *(.text)
 .text          0x0000000008000188       0x40 c:/programs/st/stm32cubeide_1.4.0/stm32cubeide/plugins/com.st.stm32cube.ide.mcu.externaltools.gnu-tools-for-stm32.7-2018-q2-update.win32_1.4.0.202007081208/tools/bin/../lib/gcc/arm-none-eabi/7.3.1/thumb/v7e-m/fpv4-sp/hard/crtbegin.o
 *(.text*)
 .text.SystemClock_Config
                0x00000000080001c8       0x82 Core/Src/main.o
                0x00000000080001c8                SystemClock_Config
 .text.Error_Handler
                0x000000000800024a        0xe Core/Src/main.o
                0x000000000800024a                Error_Handler
 .text.main     0x0000000008000258       0x40 Core/Src/main.o
                0x0000000008000258                main
 .text.delayMs  0x0000000008000298       0x38 Core/Src/main.o
                0x0000000008000298                delayMs
 .text.HAL_MspInit
                0x00000000080002d0       0x48 Core/Src/stm32f3xx_hal_msp.o
                0x00000000080002d0                HAL_MspInit
 .text.NMI_Handler
                0x0000000008000318        0xe Core/Src/stm32f3xx_it.o
                0x0000000008000318                NMI_Handler
 .text.HardFault_Handler
                0x0000000008000326        0x6 Core/Src/stm32f3xx_it.o
                0x0000000008000326                HardFault_Handler
 .text.MemManage_Handler
                0x000000000800032c        0x6 Core/Src/stm32f3xx_it.o
                0x000000000800032c                MemManage_Handler
 .text.BusFault_Handler
                0x0000000008000332        0x6 Core/Src/stm32f3xx_it.o
                0x0000000008000332                BusFault_Handler
 .text.UsageFault_Handler
                0x0000000008000338        0x6 Core/Src/stm32f3xx_it.o
                0x0000000008000338                UsageFault_Handler
 .text.SVC_Handler
                0x000000000800033e        0xe Core/Src/stm32f3xx_it.o
                0x000000000800033e                SVC_Handler
 .text.DebugMon_Handler
                0x000000000800034c        0xe Core/Src/stm32f3xx_it.o
                0x000000000800034c                DebugMon_Handler
 .text.PendSV_Handler
                0x000000000800035a        0xe Core/Src/stm32f3xx_it.o
                0x000000000800035a                PendSV_Handler
 .text.SysTick_Handler
                0x0000000008000368        0xc Core/Src/stm32f3xx_it.o
                0x0000000008000368                SysTick_Handler
 .text.SystemInit
                0x0000000008000374       0x24 Core/Src/system_stm32f3xx.o
                0x0000000008000374                SystemInit
 .text.Reset_Handler
                0x0000000008000398       0x50 Core/Startup/startup_stm32f303vctx.o
                0x0000000008000398                Reset_Handler
 .text.Default_Handler
                0x00000000080003e8        0x2 Core/Startup/startup_stm32f303vctx.o
                0x00000000080003e8                RTC_Alarm_IRQHandler
                0x00000000080003e8                TIM8_TRG_COM_IRQHandler
                0x00000000080003e8                TIM8_CC_IRQHandler
                0x00000000080003e8                TIM1_CC_IRQHandler
                0x00000000080003e8                USB_HP_IRQHandler
                0x00000000080003e8                PVD_IRQHandler
                0x00000000080003e8                TAMP_STAMP_IRQHandler
                0x00000000080003e8                EXTI3_IRQHandler
                0x00000000080003e8                USB_HP_CAN_TX_IRQHandler
                0x00000000080003e8                EXTI0_IRQHandler
                0x00000000080003e8                I2C2_EV_IRQHandler
                0x00000000080003e8                FPU_IRQHandler
                0x00000000080003e8                TIM1_UP_TIM16_IRQHandler
                0x00000000080003e8                ADC1_2_IRQHandler
                0x00000000080003e8                SPI1_IRQHandler
                0x00000000080003e8                CAN_SCE_IRQHandler
                0x00000000080003e8                TIM6_DAC_IRQHandler
                0x00000000080003e8                TIM8_UP_IRQHandler
                0x00000000080003e8                DMA2_Channel2_IRQHandler
                0x00000000080003e8                DMA1_Channel4_IRQHandler
                0x00000000080003e8                USART3_IRQHandler
                0x00000000080003e8                DMA1_Channel7_IRQHandler
                0x00000000080003e8                UART5_IRQHandler
                0x00000000080003e8                ADC3_IRQHandler
                0x00000000080003e8                TIM4_IRQHandler
                0x00000000080003e8                CAN_RX1_IRQHandler
                0x00000000080003e8                DMA2_Channel1_IRQHandler
                0x00000000080003e8                I2C1_EV_IRQHandler
                0x00000000080003e8                DMA1_Channel6_IRQHandler
                0x00000000080003e8                UART4_IRQHandler
                0x00000000080003e8                DMA2_Channel4_IRQHandler
                0x00000000080003e8                TIM3_IRQHandler
                0x00000000080003e8                RCC_IRQHandler
                0x00000000080003e8                DMA1_Channel1_IRQHandler
                0x00000000080003e8                Default_Handler
                0x00000000080003e8                USBWakeUp_RMP_IRQHandler
                0x00000000080003e8                EXTI15_10_IRQHandler
                0x00000000080003e8                TIM7_IRQHandler
                0x00000000080003e8                EXTI9_5_IRQHandler
                0x00000000080003e8                RTC_WKUP_IRQHandler
                0x00000000080003e8                SPI2_IRQHandler
                0x00000000080003e8                USB_LP_CAN_RX0_IRQHandler
                0x00000000080003e8                DMA2_Channel5_IRQHandler
                0x00000000080003e8                DMA1_Channel5_IRQHandler
                0x00000000080003e8                USB_LP_IRQHandler
                0x00000000080003e8                EXTI4_IRQHandler
                0x00000000080003e8                TIM1_TRG_COM_TIM17_IRQHandler
                0x00000000080003e8                DMA1_Channel3_IRQHandler
                0x00000000080003e8                ADC4_IRQHandler
                0x00000000080003e8                WWDG_IRQHandler
                0x00000000080003e8                TIM2_IRQHandler
                0x00000000080003e8                COMP7_IRQHandler
                0x00000000080003e8                COMP1_2_3_IRQHandler
                0x00000000080003e8                EXTI1_IRQHandler
                0x00000000080003e8                USART2_IRQHandler
                0x00000000080003e8                COMP4_5_6_IRQHandler
                0x00000000080003e8                I2C2_ER_IRQHandler
                0x00000000080003e8                DMA1_Channel2_IRQHandler
                0x00000000080003e8                TIM8_BRK_IRQHandler
                0x00000000080003e8                FLASH_IRQHandler
                0x00000000080003e8                USART1_IRQHandler
                0x00000000080003e8                SPI3_IRQHandler
                0x00000000080003e8                I2C1_ER_IRQHandler
                0x00000000080003e8                USBWakeUp_IRQHandler
                0x00000000080003e8                DMA2_Channel3_IRQHandler
                0x00000000080003e8                EXTI2_TSC_IRQHandler
                0x00000000080003e8                TIM1_BRK_TIM15_IRQHandler
 *fill*         0x00000000080003ea        0x2 
 .text.HAL_Init
                0x00000000080003ec       0x2c Drivers/STM32F3xx_HAL_Driver/Src/stm32f3xx_hal.o
                0x00000000080003ec                HAL_Init
 .text.HAL_InitTick
                0x0000000008000418       0x60 Drivers/STM32F3xx_HAL_Driver/Src/stm32f3xx_hal.o
                0x0000000008000418                HAL_InitTick
 .text.HAL_IncTick
                0x0000000008000478       0x28 Drivers/STM32F3xx_HAL_Driver/Src/stm32f3xx_hal.o
                0x0000000008000478                HAL_IncTick
 .text.HAL_GetTick
                0x00000000080004a0       0x18 Drivers/STM32F3xx_HAL_Driver/Src/stm32f3xx_hal.o
                0x00000000080004a0                HAL_GetTick
 .text.__NVIC_SetPriorityGrouping
                0x00000000080004b8       0x48 Drivers/STM32F3xx_HAL_Driver/Src/stm32f3xx_hal_cortex.o
 .text.__NVIC_GetPriorityGrouping
                0x0000000008000500       0x1c Drivers/STM32F3xx_HAL_Driver/Src/stm32f3xx_hal_cortex.o
 .text.__NVIC_SetPriority
                0x000000000800051c       0x54 Drivers/STM32F3xx_HAL_Driver/Src/stm32f3xx_hal_cortex.o
 .text.NVIC_EncodePriority
                0x0000000008000570       0x66 Drivers/STM32F3xx_HAL_Driver/Src/stm32f3xx_hal_cortex.o
 *fill*         0x00000000080005d6        0x2 
 .text.SysTick_Config
                0x00000000080005d8       0x44 Drivers/STM32F3xx_HAL_Driver/Src/stm32f3xx_hal_cortex.o
 .text.HAL_NVIC_SetPriorityGrouping
                0x000000000800061c       0x16 Drivers/STM32F3xx_HAL_Driver/Src/stm32f3xx_hal_cortex.o
                0x000000000800061c                HAL_NVIC_SetPriorityGrouping
 .text.HAL_NVIC_SetPriority
                0x0000000008000632       0x38 Drivers/STM32F3xx_HAL_Driver/Src/stm32f3xx_hal_cortex.o
                0x0000000008000632                HAL_NVIC_SetPriority
 .text.HAL_SYSTICK_Config
                0x000000000800066a       0x18 Drivers/STM32F3xx_HAL_Driver/Src/stm32f3xx_hal_cortex.o
                0x000000000800066a                HAL_SYSTICK_Config
 *fill*         0x0000000008000682        0x2 
 .text.HAL_RCC_OscConfig
                0x0000000008000684      0xe10 Drivers/STM32F3xx_HAL_Driver/Src/stm32f3xx_hal_rcc.o
                0x0000000008000684                HAL_RCC_OscConfig
 .text.HAL_RCC_ClockConfig
                0x0000000008001494      0x2f8 Drivers/STM32F3xx_HAL_Driver/Src/stm32f3xx_hal_rcc.o
                0x0000000008001494                HAL_RCC_ClockConfig
 .text.HAL_RCC_GetSysClockFreq
                0x000000000800178c       0xd4 Drivers/STM32F3xx_HAL_Driver/Src/stm32f3xx_hal_rcc.o
                0x000000000800178c                HAL_RCC_GetSysClockFreq
 .text.__libc_init_array
                0x0000000008001860       0x48 c:/programs/st/stm32cubeide_1.4.0/stm32cubeide/plugins/com.st.stm32cube.ide.mcu.externaltools.gnu-tools-for-stm32.7-2018-q2-update.win32_1.4.0.202007081208/tools/bin/../lib/gcc/arm-none-eabi/7.3.1/../../../../arm-none-eabi/lib/thumb/v7e-m/fpv4-sp/hard\libc_nano.a(lib_a-init.o)
                0x0000000008001860                __libc_init_array
 .text.memset   0x00000000080018a8       0x10 c:/programs/st/stm32cubeide_1.4.0/stm32cubeide/plugins/com.st.stm32cube.ide.mcu.externaltools.gnu-tools-for-stm32.7-2018-q2-update.win32_1.4.0.202007081208/tools/bin/../lib/gcc/arm-none-eabi/7.3.1/../../../../arm-none-eabi/lib/thumb/v7e-m/fpv4-sp/hard\libc_nano.a(lib_a-memset.o)
                0x00000000080018a8                memset
 *(.glue_7)
 .glue_7        0x00000000080018b8        0x0 linker stubs
 *(.glue_7t)
 .glue_7t       0x00000000080018b8        0x0 linker stubs
 *(.eh_frame)
 .eh_frame      0x00000000080018b8        0x0 c:/programs/st/stm32cubeide_1.4.0/stm32cubeide/plugins/com.st.stm32cube.ide.mcu.externaltools.gnu-tools-for-stm32.7-2018-q2-update.win32_1.4.0.202007081208/tools/bin/../lib/gcc/arm-none-eabi/7.3.1/thumb/v7e-m/fpv4-sp/hard/crtbegin.o
 *(.init)
 .init          0x00000000080018b8        0x4 c:/programs/st/stm32cubeide_1.4.0/stm32cubeide/plugins/com.st.stm32cube.ide.mcu.externaltools.gnu-tools-for-stm32.7-2018-q2-update.win32_1.4.0.202007081208/tools/bin/../lib/gcc/arm-none-eabi/7.3.1/thumb/v7e-m/fpv4-sp/hard/crti.o
                0x00000000080018b8                _init
 .init          0x00000000080018bc        0x8 c:/programs/st/stm32cubeide_1.4.0/stm32cubeide/plugins/com.st.stm32cube.ide.mcu.externaltools.gnu-tools-for-stm32.7-2018-q2-update.win32_1.4.0.202007081208/tools/bin/../lib/gcc/arm-none-eabi/7.3.1/thumb/v7e-m/fpv4-sp/hard/crtn.o
 *(.fini)
 .fini          0x00000000080018c4        0x4 c:/programs/st/stm32cubeide_1.4.0/stm32cubeide/plugins/com.st.stm32cube.ide.mcu.externaltools.gnu-tools-for-stm32.7-2018-q2-update.win32_1.4.0.202007081208/tools/bin/../lib/gcc/arm-none-eabi/7.3.1/thumb/v7e-m/fpv4-sp/hard/crti.o
                0x00000000080018c4                _fini
 .fini          0x00000000080018c8        0x8 c:/programs/st/stm32cubeide_1.4.0/stm32cubeide/plugins/com.st.stm32cube.ide.mcu.externaltools.gnu-tools-for-stm32.7-2018-q2-update.win32_1.4.0.202007081208/tools/bin/../lib/gcc/arm-none-eabi/7.3.1/thumb/v7e-m/fpv4-sp/hard/crtn.o
                0x00000000080018d0                . = ALIGN (0x4)
                0x00000000080018d0                _etext = .

.vfp11_veneer   0x00000000080018d0        0x0
 .vfp11_veneer  0x00000000080018d0        0x0 linker stubs

.v4_bx          0x00000000080018d0        0x0
 .v4_bx         0x00000000080018d0        0x0 linker stubs

.iplt           0x00000000080018d0        0x0
 .iplt          0x00000000080018d0        0x0 c:/programs/st/stm32cubeide_1.4.0/stm32cubeide/plugins/com.st.stm32cube.ide.mcu.externaltools.gnu-tools-for-stm32.7-2018-q2-update.win32_1.4.0.202007081208/tools/bin/../lib/gcc/arm-none-eabi/7.3.1/thumb/v7e-m/fpv4-sp/hard/crtbegin.o

.rodata         0x00000000080018d0       0x30
                0x00000000080018d0                . = ALIGN (0x4)
 *(.rodata)
 *(.rodata*)
 .rodata.AHBPrescTable
                0x00000000080018d0       0x10 Core/Src/system_stm32f3xx.o
                0x00000000080018d0                AHBPrescTable
 .rodata.aPLLMULFactorTable
                0x00000000080018e0       0x10 Drivers/STM32F3xx_HAL_Driver/Src/stm32f3xx_hal_rcc.o
                0x00000000080018e0                aPLLMULFactorTable
 .rodata.aPredivFactorTable
                0x00000000080018f0       0x10 Drivers/STM32F3xx_HAL_Driver/Src/stm32f3xx_hal_rcc.o
                0x00000000080018f0                aPredivFactorTable
                0x0000000008001900                . = ALIGN (0x4)

.rel.dyn        0x0000000008001900        0x0
 .rel.iplt      0x0000000008001900        0x0 c:/programs/st/stm32cubeide_1.4.0/stm32cubeide/plugins/com.st.stm32cube.ide.mcu.externaltools.gnu-tools-for-stm32.7-2018-q2-update.win32_1.4.0.202007081208/tools/bin/../lib/gcc/arm-none-eabi/7.3.1/thumb/v7e-m/fpv4-sp/hard/crtbegin.o

.ARM.extab      0x0000000008001900        0x0
                0x0000000008001900                . = ALIGN (0x4)
 *(.ARM.extab* .gnu.linkonce.armextab.*)
                0x0000000008001900                . = ALIGN (0x4)

.ARM            0x0000000008001900        0x0
                0x0000000008001900                . = ALIGN (0x4)
                0x0000000008001900                __exidx_start = .
 *(.ARM.exidx*)
                0x0000000008001900                __exidx_end = .
                0x0000000008001900                . = ALIGN (0x4)

.preinit_array  0x0000000008001900        0x0
                0x0000000008001900                . = ALIGN (0x4)
                0x0000000008001900                PROVIDE (__preinit_array_start = .)
 *(.preinit_array*)
                0x0000000008001900                PROVIDE (__preinit_array_end = .)
                0x0000000008001900                . = ALIGN (0x4)

.init_array     0x0000000008001900        0x4
                0x0000000008001900                . = ALIGN (0x4)
                0x0000000008001900                PROVIDE (__init_array_start = .)
 *(SORT_BY_NAME(.init_array.*))
 *(.init_array*)
 .init_array    0x0000000008001900        0x4 c:/programs/st/stm32cubeide_1.4.0/stm32cubeide/plugins/com.st.stm32cube.ide.mcu.externaltools.gnu-tools-for-stm32.7-2018-q2-update.win32_1.4.0.202007081208/tools/bin/../lib/gcc/arm-none-eabi/7.3.1/thumb/v7e-m/fpv4-sp/hard/crtbegin.o
                0x0000000008001904                PROVIDE (__init_array_end = .)
                0x0000000008001904                . = ALIGN (0x4)

.fini_array     0x0000000008001904        0x4
                0x0000000008001904                . = ALIGN (0x4)
                [!provide]                        PROVIDE (__fini_array_start = .)
 *(SORT_BY_NAME(.fini_array.*))
 *(.fini_array*)
 .fini_array    0x0000000008001904        0x4 c:/programs/st/stm32cubeide_1.4.0/stm32cubeide/plugins/com.st.stm32cube.ide.mcu.externaltools.gnu-tools-for-stm32.7-2018-q2-update.win32_1.4.0.202007081208/tools/bin/../lib/gcc/arm-none-eabi/7.3.1/thumb/v7e-m/fpv4-sp/hard/crtbegin.o
                [!provide]                        PROVIDE (__fini_array_end = .)
                0x0000000008001908                . = ALIGN (0x4)
                0x0000000008001908                _sidata = LOADADDR (.data)

.data           0x0000000020000000        0xc load address 0x0000000008001908
                0x0000000020000000                . = ALIGN (0x4)
                0x0000000020000000                _sdata = .
 *(.data)
 *(.data*)
 .data.SystemCoreClock
                0x0000000020000000        0x4 Core/Src/system_stm32f3xx.o
                0x0000000020000000                SystemCoreClock
 .data.uwTickPrio
                0x0000000020000004        0x4 Drivers/STM32F3xx_HAL_Driver/Src/stm32f3xx_hal.o
                0x0000000020000004                uwTickPrio
 .data.uwTickFreq
                0x0000000020000008        0x1 Drivers/STM32F3xx_HAL_Driver/Src/stm32f3xx_hal.o
                0x0000000020000008                uwTickFreq
                0x000000002000000c                . = ALIGN (0x4)
 *fill*         0x0000000020000009        0x3 
                0x000000002000000c                _edata = .

.igot.plt       0x000000002000000c        0x0 load address 0x0000000008001914
 .igot.plt      0x000000002000000c        0x0 c:/programs/st/stm32cubeide_1.4.0/stm32cubeide/plugins/com.st.stm32cube.ide.mcu.externaltools.gnu-tools-for-stm32.7-2018-q2-update.win32_1.4.0.202007081208/tools/bin/../lib/gcc/arm-none-eabi/7.3.1/thumb/v7e-m/fpv4-sp/hard/crtbegin.o
                0x000000002000000c                . = ALIGN (0x4)

.bss            0x000000002000000c       0x20 load address 0x0000000008001914
                0x000000002000000c                _sbss = .
                0x000000002000000c                __bss_start__ = _sbss
 *(.bss)
 .bss           0x000000002000000c       0x1c c:/programs/st/stm32cubeide_1.4.0/stm32cubeide/plugins/com.st.stm32cube.ide.mcu.externaltools.gnu-tools-for-stm32.7-2018-q2-update.win32_1.4.0.202007081208/tools/bin/../lib/gcc/arm-none-eabi/7.3.1/thumb/v7e-m/fpv4-sp/hard/crtbegin.o
 *(.bss*)
 *(COMMON)
 COMMON         0x0000000020000028        0x4 Drivers/STM32F3xx_HAL_Driver/Src/stm32f3xx_hal.o
                0x0000000020000028                uwTick
                0x000000002000002c                . = ALIGN (0x4)
                0x000000002000002c                _ebss = .
                0x000000002000002c                __bss_end__ = _ebss

._user_heap_stack
                0x000000002000002c      0x604 load address 0x0000000008001914
                0x0000000020000030                . = ALIGN (0x8)
 *fill*         0x000000002000002c        0x4 
                [!provide]                        PROVIDE (end = .)
                0x0000000020000030                PROVIDE (_end = .)
                0x0000000020000230                . = (. + _Min_Heap_Size)
 *fill*         0x0000000020000030      0x200 
                0x0000000020000630                . = (. + _Min_Stack_Size)
 *fill*         0x0000000020000230      0x400 
                0x0000000020000630                . = ALIGN (0x8)

/DISCARD/
 libc.a(*)
 libm.a(*)
 libgcc.a(*)

.ARM.attributes
                0x0000000000000000       0x30
 *(.ARM.attributes)
 .ARM.attributes
                0x0000000000000000       0x22 c:/programs/st/stm32cubeide_1.4.0/stm32cubeide/plugins/com.st.stm32cube.ide.mcu.externaltools.gnu-tools-for-stm32.7-2018-q2-update.win32_1.4.0.202007081208/tools/bin/../lib/gcc/arm-none-eabi/7.3.1/thumb/v7e-m/fpv4-sp/hard/crti.o
 .ARM.attributes
                0x0000000000000022       0x34 c:/programs/st/stm32cubeide_1.4.0/stm32cubeide/plugins/com.st.stm32cube.ide.mcu.externaltools.gnu-tools-for-stm32.7-2018-q2-update.win32_1.4.0.202007081208/tools/bin/../lib/gcc/arm-none-eabi/7.3.1/thumb/v7e-m/fpv4-sp/hard/crtbegin.o
 .ARM.attributes
                0x0000000000000056       0x39 Core/Src/main.o
 .ARM.attributes
                0x000000000000008f       0x39 Core/Src/stm32f3xx_hal_msp.o
 .ARM.attributes
                0x00000000000000c8       0x39 Core/Src/stm32f3xx_it.o
 .ARM.attributes
                0x0000000000000101       0x39 Core/Src/system_stm32f3xx.o
 .ARM.attributes
                0x000000000000013a       0x21 Core/Startup/startup_stm32f303vctx.o
 .ARM.attributes
                0x000000000000015b       0x39 Drivers/STM32F3xx_HAL_Driver/Src/stm32f3xx_hal.o
 .ARM.attributes
                0x0000000000000194       0x39 Drivers/STM32F3xx_HAL_Driver/Src/stm32f3xx_hal_cortex.o
 .ARM.attributes
                0x00000000000001cd       0x39 Drivers/STM32F3xx_HAL_Driver/Src/stm32f3xx_hal_rcc.o
 .ARM.attributes
                0x0000000000000206       0x34 c:/programs/st/stm32cubeide_1.4.0/stm32cubeide/plugins/com.st.stm32cube.ide.mcu.externaltools.gnu-tools-for-stm32.7-2018-q2-update.win32_1.4.0.202007081208/tools/bin/../lib/gcc/arm-none-eabi/7.3.1/../../../../arm-none-eabi/lib/thumb/v7e-m/fpv4-sp/hard\libc_nano.a(lib_a-init.o)
 .ARM.attributes
                0x000000000000023a       0x34 c:/programs/st/stm32cubeide_1.4.0/stm32cubeide/plugins/com.st.stm32cube.ide.mcu.externaltools.gnu-tools-for-stm32.7-2018-q2-update.win32_1.4.0.202007081208/tools/bin/../lib/gcc/arm-none-eabi/7.3.1/../../../../arm-none-eabi/lib/thumb/v7e-m/fpv4-sp/hard\libc_nano.a(lib_a-memset.o)
 .ARM.attributes
                0x000000000000026e       0x22 c:/programs/st/stm32cubeide_1.4.0/stm32cubeide/plugins/com.st.stm32cube.ide.mcu.externaltools.gnu-tools-for-stm32.7-2018-q2-update.win32_1.4.0.202007081208/tools/bin/../lib/gcc/arm-none-eabi/7.3.1/thumb/v7e-m/fpv4-sp/hard/crtn.o
OUTPUT(F303CubeC.elf elf32-littlearm)

.debug_info     0x0000000000000000     0x3a6a
 .debug_info    0x0000000000000000      0x3dd Core/Src/main.o
 .debug_info    0x00000000000003dd      0x278 Core/Src/stm32f3xx_hal_msp.o
 .debug_info    0x0000000000000655      0x20d Core/Src/stm32f3xx_it.o
 .debug_info    0x0000000000000862      0x45c Core/Src/system_stm32f3xx.o
 .debug_info    0x0000000000000cbe       0x22 Core/Startup/startup_stm32f303vctx.o
 .debug_info    0x0000000000000ce0      0x7e2 Drivers/STM32F3xx_HAL_Driver/Src/stm32f3xx_hal.o
 .debug_info    0x00000000000014c2      0xd99 Drivers/STM32F3xx_HAL_Driver/Src/stm32f3xx_hal_cortex.o
 .debug_info    0x000000000000225b     0x180f Drivers/STM32F3xx_HAL_Driver/Src/stm32f3xx_hal_rcc.o

.debug_abbrev   0x0000000000000000      0xbd4
 .debug_abbrev  0x0000000000000000      0x17b Core/Src/main.o
 .debug_abbrev  0x000000000000017b      0x109 Core/Src/stm32f3xx_hal_msp.o
 .debug_abbrev  0x0000000000000284       0xc6 Core/Src/stm32f3xx_it.o
 .debug_abbrev  0x000000000000034a      0x12b Core/Src/system_stm32f3xx.o
 .debug_abbrev  0x0000000000000475       0x12 Core/Startup/startup_stm32f303vctx.o
 .debug_abbrev  0x0000000000000487      0x1c7 Drivers/STM32F3xx_HAL_Driver/Src/stm32f3xx_hal.o
 .debug_abbrev  0x000000000000064e      0x2fa Drivers/STM32F3xx_HAL_Driver/Src/stm32f3xx_hal_cortex.o
 .debug_abbrev  0x0000000000000948      0x28c Drivers/STM32F3xx_HAL_Driver/Src/stm32f3xx_hal_rcc.o

.debug_aranges  0x0000000000000000      0x388
 .debug_aranges
                0x0000000000000000       0x38 Core/Src/main.o
 .debug_aranges
                0x0000000000000038       0x20 Core/Src/stm32f3xx_hal_msp.o
 .debug_aranges
                0x0000000000000058       0x60 Core/Src/stm32f3xx_it.o
 .debug_aranges
                0x00000000000000b8       0x28 Core/Src/system_stm32f3xx.o
 .debug_aranges
                0x00000000000000e0       0x28 Core/Startup/startup_stm32f303vctx.o
 .debug_aranges
                0x0000000000000108       0xe0 Drivers/STM32F3xx_HAL_Driver/Src/stm32f3xx_hal.o
 .debug_aranges
                0x00000000000001e8      0x118 Drivers/STM32F3xx_HAL_Driver/Src/stm32f3xx_hal_cortex.o
 .debug_aranges
                0x0000000000000300       0x88 Drivers/STM32F3xx_HAL_Driver/Src/stm32f3xx_hal_rcc.o

.debug_ranges   0x0000000000000000      0x310
 .debug_ranges  0x0000000000000000       0x28 Core/Src/main.o
 .debug_ranges  0x0000000000000028       0x10 Core/Src/stm32f3xx_hal_msp.o
 .debug_ranges  0x0000000000000038       0x50 Core/Src/stm32f3xx_it.o
 .debug_ranges  0x0000000000000088       0x18 Core/Src/system_stm32f3xx.o
 .debug_ranges  0x00000000000000a0       0x20 Core/Startup/startup_stm32f303vctx.o
 .debug_ranges  0x00000000000000c0       0xd0 Drivers/STM32F3xx_HAL_Driver/Src/stm32f3xx_hal.o
 .debug_ranges  0x0000000000000190      0x108 Drivers/STM32F3xx_HAL_Driver/Src/stm32f3xx_hal_cortex.o
 .debug_ranges  0x0000000000000298       0x78 Drivers/STM32F3xx_HAL_Driver/Src/stm32f3xx_hal_rcc.o

.debug_macro    0x0000000000000000    0x1b508
 .debug_macro   0x0000000000000000      0x1be Core/Src/main.o
 .debug_macro   0x00000000000001be      0xa5a Core/Src/main.o
 .debug_macro   0x0000000000000c18      0x14b Core/Src/main.o
 .debug_macro   0x0000000000000d63       0x2e Core/Src/main.o
 .debug_macro   0x0000000000000d91       0x28 Core/Src/main.o
 .debug_macro   0x0000000000000db9       0x22 Core/Src/main.o
 .debug_macro   0x0000000000000ddb       0x8e Core/Src/main.o
 .debug_macro   0x0000000000000e69       0x51 Core/Src/main.o
 .debug_macro   0x0000000000000eba       0xef Core/Src/main.o
 .debug_macro   0x0000000000000fa9       0x6a Core/Src/main.o
 .debug_macro   0x0000000000001013      0x1df Core/Src/main.o
 .debug_macro   0x00000000000011f2       0x1c Core/Src/main.o
 .debug_macro   0x000000000000120e       0x22 Core/Src/main.o
 .debug_macro   0x0000000000001230       0xdf Core/Src/main.o
 .debug_macro   0x000000000000130f     0x102d Core/Src/main.o
 .debug_macro   0x000000000000233c      0x11f Core/Src/main.o
 .debug_macro   0x000000000000245b    0x12a33 Core/Src/main.o
 .debug_macro   0x0000000000014e8e       0x43 Core/Src/main.o
 .debug_macro   0x0000000000014ed1     0x35e9 Core/Src/main.o
 .debug_macro   0x00000000000184ba      0x174 Core/Src/main.o
 .debug_macro   0x000000000001862e       0x55 Core/Src/main.o
 .debug_macro   0x0000000000018683      0x962 Core/Src/main.o
 .debug_macro   0x0000000000018fe5      0x5fe Core/Src/main.o
 .debug_macro   0x00000000000195e3      0x12f Core/Src/main.o
 .debug_macro   0x0000000000019712      0x1fb Core/Src/main.o
 .debug_macro   0x000000000001990d      0x1dc Core/Src/main.o
 .debug_macro   0x0000000000019ae9      0x1bc Core/Src/main.o
 .debug_macro   0x0000000000019ca5       0x30 Core/Src/main.o
 .debug_macro   0x0000000000019cd5       0x3c Core/Src/main.o
 .debug_macro   0x0000000000019d11      0x236 Core/Src/main.o
 .debug_macro   0x0000000000019f47       0xc5 Core/Src/main.o
 .debug_macro   0x000000000001a00c      0x21d Core/Src/main.o
 .debug_macro   0x000000000001a229      0x22c Core/Src/main.o
 .debug_macro   0x000000000001a455       0x5b Core/Src/main.o
 .debug_macro   0x000000000001a4b0       0xa5 Core/Src/main.o
 .debug_macro   0x000000000001a555       0x81 Core/Src/main.o
 .debug_macro   0x000000000001a5d6       0xd3 Core/Src/main.o
 .debug_macro   0x000000000001a6a9      0x275 Core/Src/main.o
 .debug_macro   0x000000000001a91e      0x160 Core/Src/main.o
 .debug_macro   0x000000000001aa7e      0x1be Core/Src/stm32f3xx_hal_msp.o
 .debug_macro   0x000000000001ac3c      0x1c8 Core/Src/stm32f3xx_it.o
 .debug_macro   0x000000000001ae04      0x1af Core/Src/system_stm32f3xx.o
 .debug_macro   0x000000000001afb3      0x1d3 Drivers/STM32F3xx_HAL_Driver/Src/stm32f3xx_hal.o
 .debug_macro   0x000000000001b186      0x1af Drivers/STM32F3xx_HAL_Driver/Src/stm32f3xx_hal_cortex.o
 .debug_macro   0x000000000001b335      0x1d3 Drivers/STM32F3xx_HAL_Driver/Src/stm32f3xx_hal_rcc.o

.debug_line     0x0000000000000000     0x3c99
 .debug_line    0x0000000000000000      0x709 Core/Src/main.o
 .debug_line    0x0000000000000709      0x6ad Core/Src/stm32f3xx_hal_msp.o
 .debug_line    0x0000000000000db6      0x750 Core/Src/stm32f3xx_it.o
 .debug_line    0x0000000000001506      0x6c9 Core/Src/system_stm32f3xx.o
 .debug_line    0x0000000000001bcf       0x88 Core/Startup/startup_stm32f303vctx.o
 .debug_line    0x0000000000001c57      0x887 Drivers/STM32F3xx_HAL_Driver/Src/stm32f3xx_hal.o
 .debug_line    0x00000000000024de      0x9bc Drivers/STM32F3xx_HAL_Driver/Src/stm32f3xx_hal_cortex.o
 .debug_line    0x0000000000002e9a      0xdff Drivers/STM32F3xx_HAL_Driver/Src/stm32f3xx_hal_rcc.o

.debug_str      0x0000000000000000    0xa4247
 .debug_str     0x0000000000000000    0xa32db Core/Src/main.o
                                      0xa396c (size before relaxing)
 .debug_str     0x00000000000a32db       0x86 Core/Src/stm32f3xx_hal_msp.o
                                      0xa3849 (size before relaxing)
 .debug_str     0x00000000000a3361       0xbd Core/Src/stm32f3xx_it.o
                                      0xa3880 (size before relaxing)
 .debug_str     0x00000000000a341e       0xbd Core/Src/system_stm32f3xx.o
                                      0xa33b0 (size before relaxing)
 .debug_str     0x00000000000a34db       0x36 Core/Startup/startup_stm32f303vctx.o
                                         0x6f (size before relaxing)
 .debug_str     0x00000000000a3511      0x642 Drivers/STM32F3xx_HAL_Driver/Src/stm32f3xx_hal.o
                                      0xa3b4c (size before relaxing)
 .debug_str     0x00000000000a3b53      0x3cc Drivers/STM32F3xx_HAL_Driver/Src/stm32f3xx_hal_cortex.o
                                      0xa3c5a (size before relaxing)
 .debug_str     0x00000000000a3f1f      0x328 Drivers/STM32F3xx_HAL_Driver/Src/stm32f3xx_hal_rcc.o
                                      0xa381e (size before relaxing)

.comment        0x0000000000000000       0x7b
 .comment       0x0000000000000000       0x7b Core/Src/main.o
                                         0x7c (size before relaxing)
 .comment       0x000000000000007b       0x7c Core/Src/stm32f3xx_hal_msp.o
 .comment       0x000000000000007b       0x7c Core/Src/stm32f3xx_it.o
 .comment       0x000000000000007b       0x7c Core/Src/system_stm32f3xx.o
 .comment       0x000000000000007b       0x7c Drivers/STM32F3xx_HAL_Driver/Src/stm32f3xx_hal.o
 .comment       0x000000000000007b       0x7c Drivers/STM32F3xx_HAL_Driver/Src/stm32f3xx_hal_cortex.o
 .comment       0x000000000000007b       0x7c Drivers/STM32F3xx_HAL_Driver/Src/stm32f3xx_hal_rcc.o

.debug_frame    0x0000000000000000      0xc5c
 .debug_frame   0x0000000000000000       0x98 Core/Src/main.o
 .debug_frame   0x0000000000000098       0x34 Core/Src/stm32f3xx_hal_msp.o
 .debug_frame   0x00000000000000cc      0x10c Core/Src/stm32f3xx_it.o
 .debug_frame   0x00000000000001d8       0x58 Core/Src/system_stm32f3xx.o
 .debug_frame   0x0000000000000230      0x334 Drivers/STM32F3xx_HAL_Driver/Src/stm32f3xx_hal.o
 .debug_frame   0x0000000000000564      0x498 Drivers/STM32F3xx_HAL_Driver/Src/stm32f3xx_hal_cortex.o
 .debug_frame   0x00000000000009fc      0x214 Drivers/STM32F3xx_HAL_Driver/Src/stm32f3xx_hal_rcc.o
 .debug_frame   0x0000000000000c10       0x2c c:/programs/st/stm32cubeide_1.4.0/stm32cubeide/plugins/com.st.stm32cube.ide.mcu.externaltools.gnu-tools-for-stm32.7-2018-q2-update.win32_1.4.0.202007081208/tools/bin/../lib/gcc/arm-none-eabi/7.3.1/../../../../arm-none-eabi/lib/thumb/v7e-m/fpv4-sp/hard\libc_nano.a(lib_a-init.o)
 .debug_frame   0x0000000000000c3c       0x20 c:/programs/st/stm32cubeide_1.4.0/stm32cubeide/plugins/com.st.stm32cube.ide.mcu.externaltools.gnu-tools-for-stm32.7-2018-q2-update.win32_1.4.0.202007081208/tools/bin/../lib/gcc/arm-none-eabi/7.3.1/../../../../arm-none-eabi/lib/thumb/v7e-m/fpv4-sp/hard\libc_nano.a(lib_a-memset.o)
