core_cm7.h:1865:22:__NVIC_SetPriorityGrouping	24	static
stm32h7xx_ll_rcc.h:1711:22:LL_RCC_HSI_Enable	4	static
stm32h7xx_ll_rcc.h:1731:26:LL_RCC_HSI_IsReady	4	static
stm32h7xx_ll_rcc.h:1756:22:LL_RCC_HSI_SetDivider	16	static
stm32h7xx_ll_rcc.h:1816:22:LL_RCC_HSI_SetCalibTrimming	16	static
stm32h7xx_ll_rcc.h:2412:22:LL_RCC_SetSysClkSource	16	static
stm32h7xx_ll_rcc.h:2496:22:LL_RCC_SetSysPrescaler	16	static
stm32h7xx_ll_rcc.h:2520:22:LL_RCC_SetAHBPrescaler	16	static
stm32h7xx_ll_rcc.h:2540:22:LL_RCC_SetAPB1Prescaler	16	static
stm32h7xx_ll_rcc.h:2560:22:LL_RCC_SetAPB2Prescaler	16	static
stm32h7xx_ll_rcc.h:2580:22:LL_RCC_SetAPB3Prescaler	16	static
stm32h7xx_ll_rcc.h:2600:22:LL_RCC_SetAPB4Prescaler	16	static
stm32h7xx_ll_bus.h:2815:22:LL_APB4_GRP1_EnableClock	24	static
stm32h7xx_ll_system.h:2328:22:LL_FLASH_SetLatency	16	static
stm32h7xx_ll_system.h:2346:26:LL_FLASH_GetLatency	4	static
stm32h7xx_ll_pwr.h:1013:22:LL_PWR_ConfigSupply	16	static
stm32h7xx_ll_pwr.h:1576:22:LL_PWR_SetRegulVoltageScaling	16	static
main.c:63:5:main	8	static
main.c:110:6:SystemClock_Config	8	static
main.c:148:6:Error_Handler	4	static
