Archive member included to satisfy reference by file (symbol)

c:/programs/st/stm32cubeide_1.4.0/stm32cubeide/plugins/com.st.stm32cube.ide.mcu.externaltools.gnu-tools-for-stm32.7-2018-q2-update.win32_1.4.0.202007081208/tools/bin/../lib/gcc/arm-none-eabi/7.3.1/../../../../arm-none-eabi/lib/thumb/v6-m\libc_nano.a(lib_a-errno.o)
                              Src/syscalls.o (__errno)
c:/programs/st/stm32cubeide_1.4.0/stm32cubeide/plugins/com.st.stm32cube.ide.mcu.externaltools.gnu-tools-for-stm32.7-2018-q2-update.win32_1.4.0.202007081208/tools/bin/../lib/gcc/arm-none-eabi/7.3.1/../../../../arm-none-eabi/lib/thumb/v6-m\libc_nano.a(lib_a-exit.o)
                              c:/programs/st/stm32cubeide_1.4.0/stm32cubeide/plugins/com.st.stm32cube.ide.mcu.externaltools.gnu-tools-for-stm32.7-2018-q2-update.win32_1.4.0.202007081208/tools/bin/../lib/gcc/arm-none-eabi/7.3.1/../../../../arm-none-eabi/lib/thumb/v6-m/crt0.o (exit)
c:/programs/st/stm32cubeide_1.4.0/stm32cubeide/plugins/com.st.stm32cube.ide.mcu.externaltools.gnu-tools-for-stm32.7-2018-q2-update.win32_1.4.0.202007081208/tools/bin/../lib/gcc/arm-none-eabi/7.3.1/../../../../arm-none-eabi/lib/thumb/v6-m\libc_nano.a(lib_a-impure.o)
                              c:/programs/st/stm32cubeide_1.4.0/stm32cubeide/plugins/com.st.stm32cube.ide.mcu.externaltools.gnu-tools-for-stm32.7-2018-q2-update.win32_1.4.0.202007081208/tools/bin/../lib/gcc/arm-none-eabi/7.3.1/../../../../arm-none-eabi/lib/thumb/v6-m\libc_nano.a(lib_a-exit.o) (_global_impure_ptr)
c:/programs/st/stm32cubeide_1.4.0/stm32cubeide/plugins/com.st.stm32cube.ide.mcu.externaltools.gnu-tools-for-stm32.7-2018-q2-update.win32_1.4.0.202007081208/tools/bin/../lib/gcc/arm-none-eabi/7.3.1/../../../../arm-none-eabi/lib/thumb/v6-m\libc_nano.a(lib_a-init.o)
                              c:/programs/st/stm32cubeide_1.4.0/stm32cubeide/plugins/com.st.stm32cube.ide.mcu.externaltools.gnu-tools-for-stm32.7-2018-q2-update.win32_1.4.0.202007081208/tools/bin/../lib/gcc/arm-none-eabi/7.3.1/../../../../arm-none-eabi/lib/thumb/v6-m/crt0.o (__libc_init_array)
c:/programs/st/stm32cubeide_1.4.0/stm32cubeide/plugins/com.st.stm32cube.ide.mcu.externaltools.gnu-tools-for-stm32.7-2018-q2-update.win32_1.4.0.202007081208/tools/bin/../lib/gcc/arm-none-eabi/7.3.1/../../../../arm-none-eabi/lib/thumb/v6-m\libc_nano.a(lib_a-malloc.o)
                              Middlewares/ST/STM32_USB_Device_Library/Class/CustomHID/Src/usbd_customhid.o (malloc)
c:/programs/st/stm32cubeide_1.4.0/stm32cubeide/plugins/com.st.stm32cube.ide.mcu.externaltools.gnu-tools-for-stm32.7-2018-q2-update.win32_1.4.0.202007081208/tools/bin/../lib/gcc/arm-none-eabi/7.3.1/../../../../arm-none-eabi/lib/thumb/v6-m\libc_nano.a(lib_a-memset.o)
                              c:/programs/st/stm32cubeide_1.4.0/stm32cubeide/plugins/com.st.stm32cube.ide.mcu.externaltools.gnu-tools-for-stm32.7-2018-q2-update.win32_1.4.0.202007081208/tools/bin/../lib/gcc/arm-none-eabi/7.3.1/../../../../arm-none-eabi/lib/thumb/v6-m/crt0.o (memset)
c:/programs/st/stm32cubeide_1.4.0/stm32cubeide/plugins/com.st.stm32cube.ide.mcu.externaltools.gnu-tools-for-stm32.7-2018-q2-update.win32_1.4.0.202007081208/tools/bin/../lib/gcc/arm-none-eabi/7.3.1/../../../../arm-none-eabi/lib/thumb/v6-m\libc_nano.a(lib_a-nano-freer.o)
                              c:/programs/st/stm32cubeide_1.4.0/stm32cubeide/plugins/com.st.stm32cube.ide.mcu.externaltools.gnu-tools-for-stm32.7-2018-q2-update.win32_1.4.0.202007081208/tools/bin/../lib/gcc/arm-none-eabi/7.3.1/../../../../arm-none-eabi/lib/thumb/v6-m\libc_nano.a(lib_a-malloc.o) (_free_r)
c:/programs/st/stm32cubeide_1.4.0/stm32cubeide/plugins/com.st.stm32cube.ide.mcu.externaltools.gnu-tools-for-stm32.7-2018-q2-update.win32_1.4.0.202007081208/tools/bin/../lib/gcc/arm-none-eabi/7.3.1/../../../../arm-none-eabi/lib/thumb/v6-m\libc_nano.a(lib_a-nano-mallocr.o)
                              c:/programs/st/stm32cubeide_1.4.0/stm32cubeide/plugins/com.st.stm32cube.ide.mcu.externaltools.gnu-tools-for-stm32.7-2018-q2-update.win32_1.4.0.202007081208/tools/bin/../lib/gcc/arm-none-eabi/7.3.1/../../../../arm-none-eabi/lib/thumb/v6-m\libc_nano.a(lib_a-malloc.o) (_malloc_r)
c:/programs/st/stm32cubeide_1.4.0/stm32cubeide/plugins/com.st.stm32cube.ide.mcu.externaltools.gnu-tools-for-stm32.7-2018-q2-update.win32_1.4.0.202007081208/tools/bin/../lib/gcc/arm-none-eabi/7.3.1/../../../../arm-none-eabi/lib/thumb/v6-m\libc_nano.a(lib_a-sbrkr.o)
                              c:/programs/st/stm32cubeide_1.4.0/stm32cubeide/plugins/com.st.stm32cube.ide.mcu.externaltools.gnu-tools-for-stm32.7-2018-q2-update.win32_1.4.0.202007081208/tools/bin/../lib/gcc/arm-none-eabi/7.3.1/../../../../arm-none-eabi/lib/thumb/v6-m\libc_nano.a(lib_a-nano-mallocr.o) (_sbrk_r)
c:/programs/st/stm32cubeide_1.4.0/stm32cubeide/plugins/com.st.stm32cube.ide.mcu.externaltools.gnu-tools-for-stm32.7-2018-q2-update.win32_1.4.0.202007081208/tools/bin/../lib/gcc/arm-none-eabi/7.3.1/../../../../arm-none-eabi/lib/thumb/v6-m\libc_nano.a(lib_a-mlock.o)
[...]
Memory Configuration

Name             Origin             Length             Attributes
RAM              0x0000000020000000 0x0000000000002000 xrw
FLASH            0x0000000008000000 0x0000000000010000 xr
*default*        0x0000000000000000 0xffffffffffffffff

Linker script and memory map

LOAD c:/programs/st/stm32cubeide_1.4.0/stm32cubeide/plugins/com.st.stm32cube.ide.mcu.externaltools.gnu-tools-for-stm32.7-2018-q2-update.win32_1.4.0.202007081208/tools/bin/../lib/gcc/arm-none-eabi/7.3.1/thumb/v6-m/crti.o
LOAD c:/programs/st/stm32cubeide_1.4.0/stm32cubeide/plugins/com.st.stm32cube.ide.mcu.externaltools.gnu-tools-for-stm32.7-2018-q2-update.win32_1.4.0.202007081208/tools/bin/../lib/gcc/arm-none-eabi/7.3.1/thumb/v6-m/crtbegin.o
LOAD c:/programs/st/stm32cubeide_1.4.0/stm32cubeide/plugins/com.st.stm32cube.ide.mcu.externaltools.gnu-tools-for-stm32.7-2018-q2-update.win32_1.4.0.202007081208/tools/bin/../lib/gcc/arm-none-eabi/7.3.1/../../../../arm-none-eabi/lib/thumb/v6-m/crt0.o
LOAD Drivers/STM32L0xx_HAL_Driver/Src/stm32l0xx_hal.o
LOAD Drivers/STM32L0xx_HAL_Driver/Src/stm32l0xx_hal_cortex.o
LOAD Drivers/STM32L0xx_HAL_Driver/Src/stm32l0xx_hal_dma.o
LOAD Drivers/STM32L0xx_HAL_Driver/Src/stm32l0xx_hal_flash.o
LOAD Drivers/STM32L0xx_HAL_Driver/Src/stm32l0xx_hal_flash_ex.o
LOAD Drivers/STM32L0xx_HAL_Driver/Src/stm32l0xx_hal_flash_ramfunc.o
LOAD Drivers/STM32L0xx_HAL_Driver/Src/stm32l0xx_hal_gpio.o
LOAD Drivers/STM32L0xx_HAL_Driver/Src/stm32l0xx_hal_i2c.o
LOAD Drivers/STM32L0xx_HAL_Driver/Src/stm32l0xx_hal_i2c_ex.o
LOAD Drivers/STM32L0xx_HAL_Driver/Src/stm32l0xx_hal_pcd.o
LOAD Drivers/STM32L0xx_HAL_Driver/Src/stm32l0xx_hal_pcd_ex.o
LOAD Drivers/STM32L0xx_HAL_Driver/Src/stm32l0xx_hal_pwr.o
LOAD Drivers/STM32L0xx_HAL_Driver/Src/stm32l0xx_hal_pwr_ex.o
LOAD Drivers/STM32L0xx_HAL_Driver/Src/stm32l0xx_hal_rcc.o
LOAD Drivers/STM32L0xx_HAL_Driver/Src/stm32l0xx_hal_rcc_ex.o
LOAD Drivers/STM32L0xx_HAL_Driver/Src/stm32l0xx_hal_tim.o
LOAD Drivers/STM32L0xx_HAL_Driver/Src/stm32l0xx_hal_tim_ex.o
LOAD Drivers/STM32L0xx_HAL_Driver/Src/stm32l0xx_ll_usb.o
LOAD Middlewares/ST/STM32_USB_Device_Library/Class/CustomHID/Src/usbd_customhid.o
LOAD Middlewares/ST/STM32_USB_Device_Library/Core/Src/usbd_core.o
LOAD Middlewares/ST/STM32_USB_Device_Library/Core/Src/usbd_ctlreq.o
LOAD Middlewares/ST/STM32_USB_Device_Library/Core/Src/usbd_ioreq.o
LOAD Src/main.o
LOAD Src/stm32l0xx_hal_msp.o
LOAD Src/stm32l0xx_it.o
LOAD Src/syscalls.o
LOAD Src/sysmem.o
LOAD Src/system_stm32l0xx.o
LOAD Src/usb_device.o
LOAD Src/usbd_conf.o
LOAD Src/usbd_custom_hid_if.o
LOAD Src/usbd_desc.o
LOAD Startup/startup_stm32l053c8tx.o
START GROUP
LOAD c:/programs/st/stm32cubeide_1.4.0/stm32cubeide/plugins/com.st.stm32cube.ide.mcu.externaltools.gnu-tools-for-stm32.7-2018-q2-update.win32_1.4.0.202007081208/tools/bin/../lib/gcc/arm-none-eabi/7.3.1/../../../../arm-none-eabi/lib/thumb/v6-m\libc_nano.a
LOAD c:/programs/st/stm32cubeide_1.4.0/stm32cubeide/plugins/com.st.stm32cube.ide.mcu.externaltools.gnu-tools-for-stm32.7-2018-q2-update.win32_1.4.0.202007081208/tools/bin/../lib/gcc/arm-none-eabi/7.3.1/../../../../arm-none-eabi/lib/thumb/v6-m\libm.a
END GROUP
START GROUP
LOAD c:/programs/st/stm32cubeide_1.4.0/stm32cubeide/plugins/com.st.stm32cube.ide.mcu.externaltools.gnu-tools-for-stm32.7-2018-q2-update.win32_1.4.0.202007081208/tools/bin/../lib/gcc/arm-none-eabi/7.3.1/thumb/v6-m\libgcc.a
LOAD c:/programs/st/stm32cubeide_1.4.0/stm32cubeide/plugins/com.st.stm32cube.ide.mcu.externaltools.gnu-tools-for-stm32.7-2018-q2-update.win32_1.4.0.202007081208/tools/bin/../lib/gcc/arm-none-eabi/7.3.1/../../../../arm-none-eabi/lib/thumb/v6-m\libc_nano.a
END GROUP
START GROUP
LOAD c:/programs/st/stm32cubeide_1.4.0/stm32cubeide/plugins/com.st.stm32cube.ide.mcu.externaltools.gnu-tools-for-stm32.7-2018-q2-update.win32_1.4.0.202007081208/tools/bin/../lib/gcc/arm-none-eabi/7.3.1/thumb/v6-m\libgcc.a
LOAD c:/programs/st/stm32cubeide_1.4.0/stm32cubeide/plugins/com.st.stm32cube.ide.mcu.externaltools.gnu-tools-for-stm32.7-2018-q2-update.win32_1.4.0.202007081208/tools/bin/../lib/gcc/arm-none-eabi/7.3.1/../../../../arm-none-eabi/lib/thumb/v6-m\libc_nano.a
LOAD c:/programs/st/stm32cubeide_1.4.0/stm32cubeide/plugins/com.st.stm32cube.ide.mcu.externaltools.gnu-tools-for-stm32.7-2018-q2-update.win32_1.4.0.202007081208/tools/bin/../lib/gcc/arm-none-eabi/7.3.1/../../../../arm-none-eabi/lib/thumb/v6-m\libnosys.a
END GROUP
START GROUP
LOAD c:/programs/st/stm32cubeide_1.4.0/stm32cubeide/plugins/com.st.stm32cube.ide.mcu.externaltools.gnu-tools-for-stm32.7-2018-q2-update.win32_1.4.0.202007081208/tools/bin/../lib/gcc/arm-none-eabi/7.3.1/thumb/v6-m\libgcc.a
LOAD c:/programs/st/stm32cubeide_1.4.0/stm32cubeide/plugins/com.st.stm32cube.ide.mcu.externaltools.gnu-tools-for-stm32.7-2018-q2-update.win32_1.4.0.202007081208/tools/bin/../lib/gcc/arm-none-eabi/7.3.1/../../../../arm-none-eabi/lib/thumb/v6-m\libc_nano.a
LOAD c:/programs/st/stm32cubeide_1.4.0/stm32cubeide/plugins/com.st.stm32cube.ide.mcu.externaltools.gnu-tools-for-stm32.7-2018-q2-update.win32_1.4.0.202007081208/tools/bin/../lib/gcc/arm-none-eabi/7.3.1/../../../../arm-none-eabi/lib/thumb/v6-m\libnosys.a
END GROUP
LOAD c:/programs/st/stm32cubeide_1.4.0/stm32cubeide/plugins/com.st.stm32cube.ide.mcu.externaltools.gnu-tools-for-stm32.7-2018-q2-update.win32_1.4.0.202007081208/tools/bin/../lib/gcc/arm-none-eabi/7.3.1/thumb/v6-m/crtend.o
LOAD c:/programs/st/stm32cubeide_1.4.0/stm32cubeide/plugins/com.st.stm32cube.ide.mcu.externaltools.gnu-tools-for-stm32.7-2018-q2-update.win32_1.4.0.202007081208/tools/bin/../lib/gcc/arm-none-eabi/7.3.1/thumb/v6-m/crtn.o
                0x0000000020002000                _estack = (ORIGIN (RAM) + LENGTH (RAM))
                0x0000000000000200                _Min_Heap_Size = 0x200
                0x0000000000000400                _Min_Stack_Size = 0x400

.isr_vector     0x0000000008000000       0xc0
                0x0000000008000000                . = ALIGN (0x4)
 *(.isr_vector)
 .isr_vector    0x0000000008000000       0xc0 Startup/startup_stm32l053c8tx.o
                0x0000000008000000                g_pfnVectors
                0x00000000080000c0                . = ALIGN (0x4)

.text           0x00000000080000c0     0x779c
                0x00000000080000c0                . = ALIGN (0x4)
 *(.text)
 .text          0x00000000080000c0       0x48 c:/programs/st/stm32cubeide_1.4.0/stm32cubeide/plugins/com.st.stm32cube.ide.mcu.externaltools.gnu-tools-for-stm32.7-2018-q2-update.win32_1.4.0.202007081208/tools/bin/../lib/gcc/arm-none-eabi/7.3.1/thumb/v6-m/crtbegin.o
 .text          0x0000000008000108      0x114 c:/programs/st/stm32cubeide_1.4.0/stm32cubeide/plugins/com.st.stm32cube.ide.mcu.externaltools.gnu-tools-for-stm32.7-2018-q2-update.win32_1.4.0.202007081208/tools/bin/../lib/gcc/arm-none-eabi/7.3.1/thumb/v6-m\libgcc.a(_udivsi3.o)
                0x0000000008000108                __aeabi_uidiv
                0x0000000008000108                __udivsi3
                0x0000000008000214                __aeabi_uidivmod
 .text          0x000000000800021c        0x4 c:/programs/st/stm32cubeide_1.4.0/stm32cubeide/plugins/com.st.stm32cube.ide.mcu.externaltools.gnu-tools-for-stm32.7-2018-q2-update.win32_1.4.0.202007081208/tools/bin/../lib/gcc/arm-none-eabi/7.3.1/thumb/v6-m\libgcc.a(_dvmd_tls.o)
                0x000000000800021c                __aeabi_idiv0
                0x000000000800021c                __aeabi_ldiv0
 *(.text*)
 .text.HAL_Init
                0x0000000008000220       0x40 Drivers/STM32L0xx_HAL_Driver/Src/stm32l0xx_hal.o
                0x0000000008000220                HAL_Init
 .text.HAL_InitTick
                0x0000000008000260       0x68 Drivers/STM32L0xx_HAL_Driver/Src/stm32l0xx_hal.o
                0x0000000008000260                HAL_InitTick
 .text.HAL_IncTick
                0x00000000080002c8       0x24 Drivers/STM32L0xx_HAL_Driver/Src/stm32l0xx_hal.o
                0x00000000080002c8                HAL_IncTick
 .text.HAL_GetTick
                0x00000000080002ec       0x14 Drivers/STM32L0xx_HAL_Driver/Src/stm32l0xx_hal.o
                0x00000000080002ec                HAL_GetTick
 .text.HAL_Delay
                0x0000000008000300       0x44 Drivers/STM32L0xx_HAL_Driver/Src/stm32l0xx_hal.o
                0x0000000008000300                HAL_Delay
 .text.NVIC_EnableIRQ
                0x0000000008000344       0x2c Drivers/STM32L0xx_HAL_Driver/Src/stm32l0xx_hal_cortex.o
 .text.NVIC_SetPriority
                0x0000000008000370       0xdc Drivers/STM32L0xx_HAL_Driver/Src/stm32l0xx_hal_cortex.o
 .text.SysTick_Config
                0x000000000800044c       0x48 Drivers/STM32L0xx_HAL_Driver/Src/stm32l0xx_hal_cortex.o
 .text.HAL_NVIC_SetPriority
                0x0000000008000494       0x2a Drivers/STM32L0xx_HAL_Driver/Src/stm32l0xx_hal_cortex.o
                0x0000000008000494                HAL_NVIC_SetPriority
 .text.HAL_NVIC_EnableIRQ
                0x00000000080004be       0x20 Drivers/STM32L0xx_HAL_Driver/Src/stm32l0xx_hal_cortex.o
                0x00000000080004be                HAL_NVIC_EnableIRQ
 .text.HAL_SYSTICK_Config
                0x00000000080004de       0x1a Drivers/STM32L0xx_HAL_Driver/Src/stm32l0xx_hal_cortex.o
                0x00000000080004de                HAL_SYSTICK_Config
 .text.HAL_GPIO_Init
                0x00000000080004f8      0x2ec Drivers/STM32L0xx_HAL_Driver/Src/stm32l0xx_hal_gpio.o
                0x00000000080004f8                HAL_GPIO_Init
 .text.HAL_GPIO_WritePin
                0x00000000080007e4       0x3a Drivers/STM32L0xx_HAL_Driver/Src/stm32l0xx_hal_gpio.o
                0x00000000080007e4                HAL_GPIO_WritePin
 .text.HAL_GPIO_TogglePin
                0x000000000800081e       0x36 Drivers/STM32L0xx_HAL_Driver/Src/stm32l0xx_hal_gpio.o
                0x000000000800081e                HAL_GPIO_TogglePin
 .text.HAL_PCD_Init
                0x0000000008000854      0x220 Drivers/STM32L0xx_HAL_Driver/Src/stm32l0xx_hal_pcd.o
                0x0000000008000854                HAL_PCD_Init
 .text.HAL_PCD_Start
                0x0000000008000a74       0x4a Drivers/STM32L0xx_HAL_Driver/Src/stm32l0xx_hal_pcd.o
                0x0000000008000a74                HAL_PCD_Start
 *fill*         0x0000000008000abe        0x2 
 .text.HAL_PCD_IRQHandler
                0x0000000008000ac0      0x2f8 Drivers/STM32L0xx_HAL_Driver/Src/stm32l0xx_hal_pcd.o
                0x0000000008000ac0                HAL_PCD_IRQHandler
 .text.HAL_PCD_SetAddress
                0x0000000008000db8       0x56 Drivers/STM32L0xx_HAL_Driver/Src/stm32l0xx_hal_pcd.o
                0x0000000008000db8                HAL_PCD_SetAddress
 .text.HAL_PCD_EP_Open
                0x0000000008000e0e       0xf0 Drivers/STM32L0xx_HAL_Driver/Src/stm32l0xx_hal_pcd.o
                0x0000000008000e0e                HAL_PCD_EP_Open
 .text.HAL_PCD_EP_Close
                0x0000000008000efe       0xa2 Drivers/STM32L0xx_HAL_Driver/Src/stm32l0xx_hal_pcd.o
                0x0000000008000efe                HAL_PCD_EP_Close
 .text.HAL_PCD_EP_Receive
                0x0000000008000fa0       0x88 Drivers/STM32L0xx_HAL_Driver/Src/stm32l0xx_hal_pcd.o
                0x0000000008000fa0                HAL_PCD_EP_Receive
 .text.HAL_PCD_EP_Transmit
                0x0000000008001028       0x92 Drivers/STM32L0xx_HAL_Driver/Src/stm32l0xx_hal_pcd.o
                0x0000000008001028                HAL_PCD_EP_Transmit
 .text.HAL_PCD_EP_SetStall
                0x00000000080010ba       0xb8 Drivers/STM32L0xx_HAL_Driver/Src/stm32l0xx_hal_pcd.o
                0x00000000080010ba                HAL_PCD_EP_SetStall
 .text.HAL_PCD_EP_ClrStall
                0x0000000008001172       0xbc Drivers/STM32L0xx_HAL_Driver/Src/stm32l0xx_hal_pcd.o
                0x0000000008001172                HAL_PCD_EP_ClrStall
 *fill*         0x000000000800122e        0x2 
 .text.PCD_EP_ISR_Handler
                0x0000000008001230      0x688 Drivers/STM32L0xx_HAL_Driver/Src/stm32l0xx_hal_pcd.o
 .text.HAL_PCD_EP_DB_Receive
                0x00000000080018b8      0x240 Drivers/STM32L0xx_HAL_Driver/Src/stm32l0xx_hal_pcd.o
 .text.HAL_PCD_EP_DB_Transmit
                0x0000000008001af8      0x568 Drivers/STM32L0xx_HAL_Driver/Src/stm32l0xx_hal_pcd.o
 .text.HAL_PCDEx_PMAConfig
                0x0000000008002060       0x9c Drivers/STM32L0xx_HAL_Driver/Src/stm32l0xx_hal_pcd_ex.o
                0x0000000008002060                HAL_PCDEx_PMAConfig
 .text.HAL_PCDEx_ActivateLPM
                0x00000000080020fc       0x54 Drivers/STM32L0xx_HAL_Driver/Src/stm32l0xx_hal_pcd_ex.o
                0x00000000080020fc                HAL_PCDEx_ActivateLPM
 .text.HAL_PCDEx_LPM_Callback
                0x0000000008002150       0x16 Drivers/STM32L0xx_HAL_Driver/Src/stm32l0xx_hal_pcd_ex.o
                0x0000000008002150                HAL_PCDEx_LPM_Callback
 *fill*         0x0000000008002166        0x2 
 .text.HAL_RCC_OscConfig
                0x0000000008002168      0x780 Drivers/STM32L0xx_HAL_Driver/Src/stm32l0xx_hal_rcc.o
                0x0000000008002168                HAL_RCC_OscConfig
 .text.HAL_RCC_ClockConfig
                0x00000000080028e8      0x254 Drivers/STM32L0xx_HAL_Driver/Src/stm32l0xx_hal_rcc.o
                0x00000000080028e8                HAL_RCC_ClockConfig
 .text.HAL_RCC_GetSysClockFreq
                0x0000000008002b3c      0x108 Drivers/STM32L0xx_HAL_Driver/Src/stm32l0xx_hal_rcc.o
                0x0000000008002b3c                HAL_RCC_GetSysClockFreq
 .text.HAL_RCCEx_PeriphCLKConfig
                0x0000000008002c44      0x2c8 Drivers/STM32L0xx_HAL_Driver/Src/stm32l0xx_hal_rcc_ex.o
                0x0000000008002c44                HAL_RCCEx_PeriphCLKConfig
 .text.USB_EnableGlobalInt
                0x0000000008002f0c       0x2c Drivers/STM32L0xx_HAL_Driver/Src/stm32l0xx_ll_usb.o
                0x0000000008002f0c                USB_EnableGlobalInt
 .text.USB_DisableGlobalInt
                0x0000000008002f38       0x34 Drivers/STM32L0xx_HAL_Driver/Src/stm32l0xx_ll_usb.o
                0x0000000008002f38                USB_DisableGlobalInt
 .text.USB_DevInit
                0x0000000008002f6c       0x58 Drivers/STM32L0xx_HAL_Driver/Src/stm32l0xx_ll_usb.o
                0x0000000008002f6c                USB_DevInit
 .text.USB_ActivateEndpoint
                0x0000000008002fc4      0x6ac Drivers/STM32L0xx_HAL_Driver/Src/stm32l0xx_ll_usb.o
                0x0000000008002fc4                USB_ActivateEndpoint
 .text.USB_DeactivateEndpoint
                0x0000000008003670      0x380 Drivers/STM32L0xx_HAL_Driver/Src/stm32l0xx_ll_usb.o
                0x0000000008003670                USB_DeactivateEndpoint
 .text.USB_EPStartXfer
                0x00000000080039f0     0x12ac Drivers/STM32L0xx_HAL_Driver/Src/stm32l0xx_ll_usb.o
                0x00000000080039f0                USB_EPStartXfer
 .text.USB_EPSetStall
                0x0000000008004c9c       0xa0 Drivers/STM32L0xx_HAL_Driver/Src/stm32l0xx_ll_usb.o
                0x0000000008004c9c                USB_EPSetStall
 .text.USB_EPClearStall
                0x0000000008004d3c      0x164 Drivers/STM32L0xx_HAL_Driver/Src/stm32l0xx_ll_usb.o
                0x0000000008004d3c                USB_EPClearStall
 .text.USB_SetDevAddress
                0x0000000008004ea0       0x28 Drivers/STM32L0xx_HAL_Driver/Src/stm32l0xx_ll_usb.o
                0x0000000008004ea0                USB_SetDevAddress
 .text.USB_DevConnect
                0x0000000008004ec8       0x2c Drivers/STM32L0xx_HAL_Driver/Src/stm32l0xx_ll_usb.o
                0x0000000008004ec8                USB_DevConnect
 .text.USB_ReadInterrupts
                0x0000000008004ef4       0x1c Drivers/STM32L0xx_HAL_Driver/Src/stm32l0xx_ll_usb.o
                0x0000000008004ef4                USB_ReadInterrupts
 .text.USB_WritePMA
                0x0000000008004f10       0x86 Drivers/STM32L0xx_HAL_Driver/Src/stm32l0xx_ll_usb.o
                0x0000000008004f10                USB_WritePMA
 .text.USB_ReadPMA
                0x0000000008004f96       0x9e Drivers/STM32L0xx_HAL_Driver/Src/stm32l0xx_ll_usb.o
                0x0000000008004f96                USB_ReadPMA
 .text.USBD_CUSTOM_HID_Init
                0x0000000008005034       0x9e Middlewares/ST/STM32_USB_Device_Library/Class/CustomHID/Src/usbd_customhid.o
 .text.USBD_CUSTOM_HID_DeInit
                0x00000000080050d2       0x6c Middlewares/ST/STM32_USB_Device_Library/Class/CustomHID/Src/usbd_customhid.o
 *fill*         0x000000000800513e        0x2 
 .text.USBD_CUSTOM_HID_Setup
                0x0000000008005140      0x21c Middlewares/ST/STM32_USB_Device_Library/Class/CustomHID/Src/usbd_customhid.o
 .text.USBD_CUSTOM_HID_GetFSCfgDesc
                0x000000000800535c       0x1c Middlewares/ST/STM32_USB_Device_Library/Class/CustomHID/Src/usbd_customhid.o
 .text.USBD_CUSTOM_HID_GetHSCfgDesc
                0x0000000008005378       0x1c Middlewares/ST/STM32_USB_Device_Library/Class/CustomHID/Src/usbd_customhid.o
 .text.USBD_CUSTOM_HID_GetOtherSpeedCfgDesc
                0x0000000008005394       0x1c Middlewares/ST/STM32_USB_Device_Library/Class/CustomHID/Src/usbd_customhid.o
 .text.USBD_CUSTOM_HID_DataIn
                0x00000000080053b0       0x26 Middlewares/ST/STM32_USB_Device_Library/Class/CustomHID/Src/usbd_customhid.o
 .text.USBD_CUSTOM_HID_DataOut
                0x00000000080053d6       0x44 Middlewares/ST/STM32_USB_Device_Library/Class/CustomHID/Src/usbd_customhid.o
 .text.USBD_CUSTOM_HID_EP0_RxReady
                0x000000000800541a       0x40 Middlewares/ST/STM32_USB_Device_Library/Class/CustomHID/Src/usbd_customhid.o
 *fill*         0x000000000800545a        0x2 
 .text.USBD_CUSTOM_HID_GetDeviceQualifierDesc
                0x000000000800545c       0x1c Middlewares/ST/STM32_USB_Device_Library/Class/CustomHID/Src/usbd_customhid.o
 .text.USBD_CUSTOM_HID_RegisterInterface
                0x0000000008005478       0x38 Middlewares/ST/STM32_USB_Device_Library/Class/CustomHID/Src/usbd_customhid.o
                0x0000000008005478                USBD_CUSTOM_HID_RegisterInterface
 .text.USBD_Init
                0x00000000080054b0       0x62 Middlewares/ST/STM32_USB_Device_Library/Core/Src/usbd_core.o
                0x00000000080054b0                USBD_Init
 .text.USBD_RegisterClass
                0x0000000008005512       0x42 Middlewares/ST/STM32_USB_Device_Library/Core/Src/usbd_core.o
                0x0000000008005512                USBD_RegisterClass
 .text.USBD_Start
                0x0000000008005554       0x1a Middlewares/ST/STM32_USB_Device_Library/Core/Src/usbd_core.o
                0x0000000008005554                USBD_Start
 .text.USBD_RunTestMode
                0x000000000800556e       0x12 Middlewares/ST/STM32_USB_Device_Library/Core/Src/usbd_core.o
                0x000000000800556e                USBD_RunTestMode
 .text.USBD_SetClassConfig
                0x0000000008005580       0x50 Middlewares/ST/STM32_USB_Device_Library/Core/Src/usbd_core.o
                0x0000000008005580                USBD_SetClassConfig
 .text.USBD_ClrClassConfig
                0x00000000080055d0       0x2c Middlewares/ST/STM32_USB_Device_Library/Core/Src/usbd_core.o
                0x00000000080055d0                USBD_ClrClassConfig
 .text.USBD_LL_SetupStage
                0x00000000080055fc       0xb8 Middlewares/ST/STM32_USB_Device_Library/Core/Src/usbd_core.o
                0x00000000080055fc                USBD_LL_SetupStage
 .text.USBD_LL_DataOutStage
                0x00000000080056b4      0x104 Middlewares/ST/STM32_USB_Device_Library/Core/Src/usbd_core.o
                0x00000000080056b4                USBD_LL_DataOutStage
 .text.USBD_LL_DataInStage
                0x00000000080057b8      0x17a Middlewares/ST/STM32_USB_Device_Library/Core/Src/usbd_core.o
                0x00000000080057b8                USBD_LL_DataInStage
 .text.USBD_LL_Reset
                0x0000000008005932       0x90 Middlewares/ST/STM32_USB_Device_Library/Core/Src/usbd_core.o
                0x0000000008005932                USBD_LL_Reset
 .text.USBD_LL_SetSpeed
                0x00000000080059c2       0x20 Middlewares/ST/STM32_USB_Device_Library/Core/Src/usbd_core.o
                0x00000000080059c2                USBD_LL_SetSpeed
 *fill*         0x00000000080059e2        0x2 
 .text.USBD_LL_Suspend
                0x00000000080059e4       0x30 Middlewares/ST/STM32_USB_Device_Library/Core/Src/usbd_core.o
                0x00000000080059e4                USBD_LL_Suspend
 .text.USBD_LL_Resume
                0x0000000008005a14       0x24 Middlewares/ST/STM32_USB_Device_Library/Core/Src/usbd_core.o
                0x0000000008005a14                USBD_LL_Resume
 .text.USBD_LL_SOF
                0x0000000008005a38       0x3c Middlewares/ST/STM32_USB_Device_Library/Core/Src/usbd_core.o
                0x0000000008005a38                USBD_LL_SOF
 .text.USBD_StdDevReq
                0x0000000008005a74       0xe4 Middlewares/ST/STM32_USB_Device_Library/Core/Src/usbd_ctlreq.o
                0x0000000008005a74                USBD_StdDevReq
 .text.USBD_StdItfReq
                0x0000000008005b58       0xae Middlewares/ST/STM32_USB_Device_Library/Core/Src/usbd_ctlreq.o
                0x0000000008005b58                USBD_StdItfReq
 .text.USBD_StdEPReq
                0x0000000008005c06      0x378 Middlewares/ST/STM32_USB_Device_Library/Core/Src/usbd_ctlreq.o
                0x0000000008005c06                USBD_StdEPReq
 *fill*         0x0000000008005f7e        0x2 
 .text.USBD_GetDescriptor
                0x0000000008005f80      0x224 Middlewares/ST/STM32_USB_Device_Library/Core/Src/usbd_ctlreq.o
 .text.USBD_SetAddress
                0x00000000080061a4       0xa8 Middlewares/ST/STM32_USB_Device_Library/Core/Src/usbd_ctlreq.o
 .text.USBD_SetConfig
                0x000000000800624c      0x148 Middlewares/ST/STM32_USB_Device_Library/Core/Src/usbd_ctlreq.o
 .text.USBD_GetConfig
                0x0000000008006394       0x74 Middlewares/ST/STM32_USB_Device_Library/Core/Src/usbd_ctlreq.o
 .text.USBD_GetStatus
                0x0000000008006408       0x74 Middlewares/ST/STM32_USB_Device_Library/Core/Src/usbd_ctlreq.o
 .text.USBD_SetFeature
                0x000000000800647c       0x2c Middlewares/ST/STM32_USB_Device_Library/Core/Src/usbd_ctlreq.o
 .text.USBD_ClrFeature
                0x00000000080064a8       0x4c Middlewares/ST/STM32_USB_Device_Library/Core/Src/usbd_ctlreq.o
 .text.USBD_ParseSetupRequest
                0x00000000080064f4       0x76 Middlewares/ST/STM32_USB_Device_Library/Core/Src/usbd_ctlreq.o
                0x00000000080064f4                USBD_ParseSetupRequest
 .text.USBD_CtlError
                0x000000000800656a       0x26 Middlewares/ST/STM32_USB_Device_Library/Core/Src/usbd_ctlreq.o
                0x000000000800656a                USBD_CtlError
 .text.USBD_GetString
                0x0000000008006590       0x9e Middlewares/ST/STM32_USB_Device_Library/Core/Src/usbd_ctlreq.o
                0x0000000008006590                USBD_GetString
 .text.USBD_GetLen
                0x000000000800662e       0x3a Middlewares/ST/STM32_USB_Device_Library/Core/Src/usbd_ctlreq.o
 .text.USBD_CtlSendData
                0x0000000008006668       0x40 Middlewares/ST/STM32_USB_Device_Library/Core/Src/usbd_ioreq.o
                0x0000000008006668                USBD_CtlSendData
 .text.USBD_CtlContinueSendData
                0x00000000080066a8       0x26 Middlewares/ST/STM32_USB_Device_Library/Core/Src/usbd_ioreq.o
                0x00000000080066a8                USBD_CtlContinueSendData
 .text.USBD_CtlPrepareRx
                0x00000000080066ce       0x48 Middlewares/ST/STM32_USB_Device_Library/Core/Src/usbd_ioreq.o
                0x00000000080066ce                USBD_CtlPrepareRx
 .text.USBD_CtlContinueRx
                0x0000000008006716       0x26 Middlewares/ST/STM32_USB_Device_Library/Core/Src/usbd_ioreq.o
                0x0000000008006716                USBD_CtlContinueRx
 .text.USBD_CtlSendStatus
                0x000000000800673c       0x28 Middlewares/ST/STM32_USB_Device_Library/Core/Src/usbd_ioreq.o
                0x000000000800673c                USBD_CtlSendStatus
 .text.USBD_CtlReceiveStatus
                0x0000000008006764       0x28 Middlewares/ST/STM32_USB_Device_Library/Core/Src/usbd_ioreq.o
                0x0000000008006764                USBD_CtlReceiveStatus
 .text.main     0x000000000800678c       0x44 Src/main.o
                0x000000000800678c                main
 .text.SystemClock_Config
                0x00000000080067d0       0xec Src/main.o
                0x00000000080067d0                SystemClock_Config
 .text.MX_GPIO_Init
                0x00000000080068bc      0x2ac Src/main.o
 .text.Error_Handler
                0x0000000008006b68        0xa Src/main.o
                0x0000000008006b68                Error_Handler
 *fill*         0x0000000008006b72        0x2 
 .text.HAL_MspInit
                0x0000000008006b74       0x28 Src/stm32l0xx_hal_msp.o
                0x0000000008006b74                HAL_MspInit
 .text.SysTick_Handler
                0x0000000008006b9c        0xe Src/stm32l0xx_it.o
                0x0000000008006b9c                SysTick_Handler
 *fill*         0x0000000008006baa        0x2 
 .text.USB_IRQHandler
                0x0000000008006bac       0x18 Src/stm32l0xx_it.o
                0x0000000008006bac                USB_IRQHandler
 .text._sbrk    0x0000000008006bc4       0x6c Src/sysmem.o
                0x0000000008006bc4                _sbrk
 .text.SystemInit
                0x0000000008006c30       0x7c Src/system_stm32l0xx.o
                0x0000000008006c30                SystemInit
 .text.MX_USB_DEVICE_Init
                0x0000000008006cac       0x68 Src/usb_device.o
                0x0000000008006cac                MX_USB_DEVICE_Init
 .text.HAL_PCD_MspInit
                0x0000000008006d14       0x40 Src/usbd_conf.o
                0x0000000008006d14                HAL_PCD_MspInit
 .text.HAL_PCD_SetupStageCallback
                0x0000000008006d54       0x2a Src/usbd_conf.o
                0x0000000008006d54                HAL_PCD_SetupStageCallback
 .text.HAL_PCD_DataOutStageCallback
                0x0000000008006d7e       0x42 Src/usbd_conf.o
                0x0000000008006d7e                HAL_PCD_DataOutStageCallback
 .text.HAL_PCD_DataInStageCallback
                0x0000000008006dc0       0x3c Src/usbd_conf.o
                0x0000000008006dc0                HAL_PCD_DataInStageCallback
 .text.HAL_PCD_SOFCallback
                0x0000000008006dfc       0x1e Src/usbd_conf.o
                0x0000000008006dfc                HAL_PCD_SOFCallback
 .text.HAL_PCD_ResetCallback
                0x0000000008006e1a       0x48 Src/usbd_conf.o
                0x0000000008006e1a                HAL_PCD_ResetCallback
 *fill*         0x0000000008006e62        0x2 
 .text.HAL_PCD_SuspendCallback
                0x0000000008006e64       0x38 Src/usbd_conf.o
                0x0000000008006e64                HAL_PCD_SuspendCallback
 .text.HAL_PCD_ResumeCallback
                0x0000000008006e9c       0x3c Src/usbd_conf.o
                0x0000000008006e9c                HAL_PCD_ResumeCallback
 .text.USBD_LL_Init
                0x0000000008006ed8       0xb0 Src/usbd_conf.o
                0x0000000008006ed8                USBD_LL_Init
 .text.USBD_LL_Start
                0x0000000008006f88       0x4c Src/usbd_conf.o
                0x0000000008006f88                USBD_LL_Start
 .text.USBD_LL_OpenEP
                0x0000000008006fd4       0x6e Src/usbd_conf.o
                0x0000000008006fd4                USBD_LL_OpenEP
 .text.USBD_LL_CloseEP
                0x0000000008007042       0x58 Src/usbd_conf.o
                0x0000000008007042                USBD_LL_CloseEP
 .text.USBD_LL_StallEP
                0x000000000800709a       0x58 Src/usbd_conf.o
                0x000000000800709a                USBD_LL_StallEP
 .text.USBD_LL_ClearStallEP
                0x00000000080070f2       0x58 Src/usbd_conf.o
                0x00000000080070f2                USBD_LL_ClearStallEP
 .text.USBD_LL_IsStallEP
                0x000000000800714a       0x62 Src/usbd_conf.o
                0x000000000800714a                USBD_LL_IsStallEP
 .text.USBD_LL_SetUSBAddress
                0x00000000080071ac       0x58 Src/usbd_conf.o
                0x00000000080071ac                USBD_LL_SetUSBAddress
 .text.USBD_LL_Transmit
                0x0000000008007204       0x70 Src/usbd_conf.o
                0x0000000008007204                USBD_LL_Transmit
 .text.USBD_LL_PrepareReceive
                0x0000000008007274       0x70 Src/usbd_conf.o
                0x0000000008007274                USBD_LL_PrepareReceive
 .text.SystemClockConfig_Resume
                0x00000000080072e4        0xe Src/usbd_conf.o
 .text.USBD_Get_USB_Status
                0x00000000080072f2       0x6e Src/usbd_conf.o
 .text.CUSTOM_HID_Init_FS
                0x0000000008007360        0xc Src/usbd_custom_hid_if.o
 .text.CUSTOM_HID_DeInit_FS
                0x000000000800736c        0xc Src/usbd_custom_hid_if.o
 .text.CUSTOM_HID_OutEvent_FS
                0x0000000008007378       0x1c Src/usbd_custom_hid_if.o
 .text.USBD_FS_DeviceDescriptor
                0x0000000008007394       0x24 Src/usbd_desc.o
                0x0000000008007394                USBD_FS_DeviceDescriptor
 .text.USBD_FS_LangIDStrDescriptor
                0x00000000080073b8       0x24 Src/usbd_desc.o
                0x00000000080073b8                USBD_FS_LangIDStrDescriptor
 .text.USBD_FS_ProductStrDescriptor
                0x00000000080073dc       0x44 Src/usbd_desc.o
                0x00000000080073dc                USBD_FS_ProductStrDescriptor
 .text.USBD_FS_ManufacturerStrDescriptor
                0x0000000008007420       0x2c Src/usbd_desc.o
                0x0000000008007420                USBD_FS_ManufacturerStrDescriptor
 .text.USBD_FS_SerialStrDescriptor
                0x000000000800744c       0x28 Src/usbd_desc.o
                0x000000000800744c                USBD_FS_SerialStrDescriptor
 .text.USBD_FS_ConfigStrDescriptor
                0x0000000008007474       0x44 Src/usbd_desc.o
                0x0000000008007474                USBD_FS_ConfigStrDescriptor
 .text.USBD_FS_InterfaceStrDescriptor
                0x00000000080074b8       0x44 Src/usbd_desc.o
                0x00000000080074b8                USBD_FS_InterfaceStrDescriptor
 .text.Get_SerialNum
                0x00000000080074fc       0x5c Src/usbd_desc.o
 .text.IntToUnicode
                0x0000000008007558       0x94 Src/usbd_desc.o
 .text.Reset_Handler
                0x00000000080075ec       0x50 Startup/startup_stm32l053c8tx.o
                0x00000000080075ec                Reset_Handler
 .text.Default_Handler
                0x000000000800763c        0x2 Startup/startup_stm32l053c8tx.o
                0x000000000800763c                TSC_IRQHandler
                0x000000000800763c                HardFault_Handler
                0x000000000800763c                ADC1_COMP_IRQHandler
                0x000000000800763c                PVD_IRQHandler
                0x000000000800763c                PendSV_Handler
                0x000000000800763c                NMI_Handler
                0x000000000800763c                I2C1_IRQHandler
                0x000000000800763c                RCC_CRS_IRQHandler
                0x000000000800763c                SPI1_IRQHandler
                0x000000000800763c                TIM6_DAC_IRQHandler
                0x000000000800763c                EXTI2_3_IRQHandler
                0x000000000800763c                I2C2_IRQHandler
                0x000000000800763c                RTC_IRQHandler
                0x000000000800763c                LCD_IRQHandler
                0x000000000800763c                DMA1_Channel4_5_6_7_IRQHandler
                0x000000000800763c                EXTI4_15_IRQHandler
                0x000000000800763c                DMA1_Channel1_IRQHandler
                0x000000000800763c                Default_Handler
                0x000000000800763c                TIM22_IRQHandler
                0x000000000800763c                EXTI0_1_IRQHandler
                0x000000000800763c                SPI2_IRQHandler
                0x000000000800763c                SVC_Handler
                0x000000000800763c                TIM21_IRQHandler
                0x000000000800763c                WWDG_IRQHandler
                0x000000000800763c                TIM2_IRQHandler
                0x000000000800763c                DMA1_Channel2_3_IRQHandler
                0x000000000800763c                USART2_IRQHandler
                0x000000000800763c                FLASH_IRQHandler
                0x000000000800763c                USART1_IRQHandler
                0x000000000800763c                RNG_LPUART1_IRQHandler
                0x000000000800763c                LPTIM1_IRQHandler
 *fill*         0x000000000800763e        0x2 
 .text.__errno  0x0000000008007640        0xc c:/programs/st/stm32cubeide_1.4.0/stm32cubeide/plugins/com.st.stm32cube.ide.mcu.externaltools.gnu-tools-for-stm32.7-2018-q2-update.win32_1.4.0.202007081208/tools/bin/../lib/gcc/arm-none-eabi/7.3.1/../../../../arm-none-eabi/lib/thumb/v6-m\libc_nano.a(lib_a-errno.o)
                0x0000000008007640                __errno
 .text.__libc_init_array
                0x000000000800764c       0x48 c:/programs/st/stm32cubeide_1.4.0/stm32cubeide/plugins/com.st.stm32cube.ide.mcu.externaltools.gnu-tools-for-stm32.7-2018-q2-update.win32_1.4.0.202007081208/tools/bin/../lib/gcc/arm-none-eabi/7.3.1/../../../../arm-none-eabi/lib/thumb/v6-m\libc_nano.a(lib_a-init.o)
                0x000000000800764c                __libc_init_array
 .text.malloc   0x0000000008007694       0x14 c:/programs/st/stm32cubeide_1.4.0/stm32cubeide/plugins/com.st.stm32cube.ide.mcu.externaltools.gnu-tools-for-stm32.7-2018-q2-update.win32_1.4.0.202007081208/tools/bin/../lib/gcc/arm-none-eabi/7.3.1/../../../../arm-none-eabi/lib/thumb/v6-m\libc_nano.a(lib_a-malloc.o)
                0x0000000008007694                malloc
 .text.free     0x00000000080076a8       0x14 c:/programs/st/stm32cubeide_1.4.0/stm32cubeide/plugins/com.st.stm32cube.ide.mcu.externaltools.gnu-tools-for-stm32.7-2018-q2-update.win32_1.4.0.202007081208/tools/bin/../lib/gcc/arm-none-eabi/7.3.1/../../../../arm-none-eabi/lib/thumb/v6-m\libc_nano.a(lib_a-malloc.o)
                0x00000000080076a8                free
 .text.memset   0x00000000080076bc       0x10 c:/programs/st/stm32cubeide_1.4.0/stm32cubeide/plugins/com.st.stm32cube.ide.mcu.externaltools.gnu-tools-for-stm32.7-2018-q2-update.win32_1.4.0.202007081208/tools/bin/../lib/gcc/arm-none-eabi/7.3.1/../../../../arm-none-eabi/lib/thumb/v6-m\libc_nano.a(lib_a-memset.o)
                0x00000000080076bc                memset
 .text._free_r  0x00000000080076cc       0x94 c:/programs/st/stm32cubeide_1.4.0/stm32cubeide/plugins/com.st.stm32cube.ide.mcu.externaltools.gnu-tools-for-stm32.7-2018-q2-update.win32_1.4.0.202007081208/tools/bin/../lib/gcc/arm-none-eabi/7.3.1/../../../../arm-none-eabi/lib/thumb/v6-m\libc_nano.a(lib_a-nano-freer.o)
                0x00000000080076cc                _free_r
 .text._malloc_r
                0x0000000008007760       0xbc c:/programs/st/stm32cubeide_1.4.0/stm32cubeide/plugins/com.st.stm32cube.ide.mcu.externaltools.gnu-tools-for-stm32.7-2018-q2-update.win32_1.4.0.202007081208/tools/bin/../lib/gcc/arm-none-eabi/7.3.1/../../../../arm-none-eabi/lib/thumb/v6-m\libc_nano.a(lib_a-nano-mallocr.o)
                0x0000000008007760                _malloc_r
 .text._sbrk_r  0x000000000800781c       0x24 c:/programs/st/stm32cubeide_1.4.0/stm32cubeide/plugins/com.st.stm32cube.ide.mcu.externaltools.gnu-tools-for-stm32.7-2018-q2-update.win32_1.4.0.202007081208/tools/bin/../lib/gcc/arm-none-eabi/7.3.1/../../../../arm-none-eabi/lib/thumb/v6-m\libc_nano.a(lib_a-sbrkr.o)
                0x000000000800781c                _sbrk_r
 .text.__malloc_lock
                0x0000000008007840        0x2 c:/programs/st/stm32cubeide_1.4.0/stm32cubeide/plugins/com.st.stm32cube.ide.mcu.externaltools.gnu-tools-for-stm32.7-2018-q2-update.win32_1.4.0.202007081208/tools/bin/../lib/gcc/arm-none-eabi/7.3.1/../../../../arm-none-eabi/lib/thumb/v6-m\libc_nano.a(lib_a-mlock.o)
                0x0000000008007840                __malloc_lock
 .text.__malloc_unlock
                0x0000000008007842        0x2 c:/programs/st/stm32cubeide_1.4.0/stm32cubeide/plugins/com.st.stm32cube.ide.mcu.externaltools.gnu-tools-for-stm32.7-2018-q2-update.win32_1.4.0.202007081208/tools/bin/../lib/gcc/arm-none-eabi/7.3.1/../../../../arm-none-eabi/lib/thumb/v6-m\libc_nano.a(lib_a-mlock.o)
                0x0000000008007842                __malloc_unlock
 *(.glue_7)
 .glue_7        0x0000000008007844        0x0 linker stubs
 *(.glue_7t)
 .glue_7t       0x0000000008007844        0x0 linker stubs
 *(.eh_frame)
 .eh_frame      0x0000000008007844        0x0 c:/programs/st/stm32cubeide_1.4.0/stm32cubeide/plugins/com.st.stm32cube.ide.mcu.externaltools.gnu-tools-for-stm32.7-2018-q2-update.win32_1.4.0.202007081208/tools/bin/../lib/gcc/arm-none-eabi/7.3.1/thumb/v6-m/crtbegin.o
 *(.init)
 .init          0x0000000008007844        0x4 c:/programs/st/stm32cubeide_1.4.0/stm32cubeide/plugins/com.st.stm32cube.ide.mcu.externaltools.gnu-tools-for-stm32.7-2018-q2-update.win32_1.4.0.202007081208/tools/bin/../lib/gcc/arm-none-eabi/7.3.1/thumb/v6-m/crti.o
                0x0000000008007844                _init
 .init          0x0000000008007848        0x8 c:/programs/st/stm32cubeide_1.4.0/stm32cubeide/plugins/com.st.stm32cube.ide.mcu.externaltools.gnu-tools-for-stm32.7-2018-q2-update.win32_1.4.0.202007081208/tools/bin/../lib/gcc/arm-none-eabi/7.3.1/thumb/v6-m/crtn.o
 *(.fini)
 .fini          0x0000000008007850        0x4 c:/programs/st/stm32cubeide_1.4.0/stm32cubeide/plugins/com.st.stm32cube.ide.mcu.externaltools.gnu-tools-for-stm32.7-2018-q2-update.win32_1.4.0.202007081208/tools/bin/../lib/gcc/arm-none-eabi/7.3.1/thumb/v6-m/crti.o
                0x0000000008007850                _fini
 .fini          0x0000000008007854        0x8 c:/programs/st/stm32cubeide_1.4.0/stm32cubeide/plugins/com.st.stm32cube.ide.mcu.externaltools.gnu-tools-for-stm32.7-2018-q2-update.win32_1.4.0.202007081208/tools/bin/../lib/gcc/arm-none-eabi/7.3.1/thumb/v6-m/crtn.o
                0x000000000800785c                . = ALIGN (0x4)
                0x000000000800785c                _etext = .

.vfp11_veneer   0x000000000800785c        0x0
 .vfp11_veneer  0x000000000800785c        0x0 linker stubs

.v4_bx          0x000000000800785c        0x0
 .v4_bx         0x000000000800785c        0x0 linker stubs

.iplt           0x000000000800785c        0x0
 .iplt          0x000000000800785c        0x0 c:/programs/st/stm32cubeide_1.4.0/stm32cubeide/plugins/com.st.stm32cube.ide.mcu.externaltools.gnu-tools-for-stm32.7-2018-q2-update.win32_1.4.0.202007081208/tools/bin/../lib/gcc/arm-none-eabi/7.3.1/thumb/v6-m/crtbegin.o

.rodata         0x000000000800785c      0x10c
                0x000000000800785c                . = ALIGN (0x4)
 *(.rodata)
 .rodata        0x000000000800785c       0x5d Src/usbd_desc.o
 *(.rodata*)
 *fill*         0x00000000080078b9        0x3 
 .rodata.USBD_CUSTOM_HID_Setup
                0x00000000080078bc       0x30 Middlewares/ST/STM32_USB_Device_Library/Class/CustomHID/Src/usbd_customhid.o
 .rodata.USBD_StdDevReq
                0x00000000080078ec       0x28 Middlewares/ST/STM32_USB_Device_Library/Core/Src/usbd_ctlreq.o
 .rodata.USBD_GetDescriptor
                0x0000000008007914       0x38 Middlewares/ST/STM32_USB_Device_Library/Core/Src/usbd_ctlreq.o
 .rodata.AHBPrescTable
                0x000000000800794c       0x10 Src/system_stm32l0xx.o
                0x000000000800794c                AHBPrescTable
 .rodata.PLLMulTable
                0x000000000800795c        0x9 Src/system_stm32l0xx.o
                0x000000000800795c                PLLMulTable
                0x0000000008007968                . = ALIGN (0x4)
 *fill*         0x0000000008007965        0x3 

.rel.dyn        0x0000000008007968        0x0
 .rel.iplt      0x0000000008007968        0x0 c:/programs/st/stm32cubeide_1.4.0/stm32cubeide/plugins/com.st.stm32cube.ide.mcu.externaltools.gnu-tools-for-stm32.7-2018-q2-update.win32_1.4.0.202007081208/tools/bin/../lib/gcc/arm-none-eabi/7.3.1/thumb/v6-m/crtbegin.o

.ARM.extab      0x0000000008007968        0x0
                0x0000000008007968                . = ALIGN (0x4)
 *(.ARM.extab* .gnu.linkonce.armextab.*)
                0x0000000008007968                . = ALIGN (0x4)

.ARM            0x0000000008007968        0x0
                0x0000000008007968                . = ALIGN (0x4)
                0x0000000008007968                __exidx_start = .
 *(.ARM.exidx*)
                0x0000000008007968                __exidx_end = .
                0x0000000008007968                . = ALIGN (0x4)

.preinit_array  0x0000000008007968        0x0
                0x0000000008007968                . = ALIGN (0x4)
                0x0000000008007968                PROVIDE (__preinit_array_start = .)
 *(.preinit_array*)
                0x0000000008007968                PROVIDE (__preinit_array_end = .)
                0x0000000008007968                . = ALIGN (0x4)

.init_array     0x0000000008007968        0x4
                0x0000000008007968                . = ALIGN (0x4)
                0x0000000008007968                PROVIDE (__init_array_start = .)
 *(SORT_BY_NAME(.init_array.*))
 *(.init_array*)
 .init_array    0x0000000008007968        0x4 c:/programs/st/stm32cubeide_1.4.0/stm32cubeide/plugins/com.st.stm32cube.ide.mcu.externaltools.gnu-tools-for-stm32.7-2018-q2-update.win32_1.4.0.202007081208/tools/bin/../lib/gcc/arm-none-eabi/7.3.1/thumb/v6-m/crtbegin.o
                0x000000000800796c                PROVIDE (__init_array_end = .)
                0x000000000800796c                . = ALIGN (0x4)

.fini_array     0x000000000800796c        0x4
                0x000000000800796c                . = ALIGN (0x4)
                [!provide]                        PROVIDE (__fini_array_start = .)
 *(SORT_BY_NAME(.fini_array.*))
 *(.fini_array*)
 .fini_array    0x000000000800796c        0x4 c:/programs/st/stm32cubeide_1.4.0/stm32cubeide/plugins/com.st.stm32cube.ide.mcu.externaltools.gnu-tools-for-stm32.7-2018-q2-update.win32_1.4.0.202007081208/tools/bin/../lib/gcc/arm-none-eabi/7.3.1/thumb/v6-m/crtbegin.o
                [!provide]                        PROVIDE (__fini_array_end = .)
                0x0000000008007970                . = ALIGN (0x4)
                0x0000000008007970                _sidata = LOADADDR (.data)

.data           0x0000000020000000      0x1c8 load address 0x0000000008007970
                0x0000000020000000                . = ALIGN (0x4)
                0x0000000020000000                _sdata = .
 *(.data)
 *(.data*)
 .data.uwTickPrio
                0x0000000020000000        0x4 Drivers/STM32L0xx_HAL_Driver/Src/stm32l0xx_hal.o
                0x0000000020000000                uwTickPrio
 .data.uwTickFreq
                0x0000000020000004        0x1 Drivers/STM32L0xx_HAL_Driver/Src/stm32l0xx_hal.o
                0x0000000020000004                uwTickFreq
 *fill*         0x0000000020000005        0x3 
 .data.USBD_CUSTOM_HID
                0x0000000020000008       0x38 Middlewares/ST/STM32_USB_Device_Library/Class/CustomHID/Src/usbd_customhid.o
                0x0000000020000008                USBD_CUSTOM_HID
 .data.USBD_CUSTOM_HID_CfgFSDesc
                0x0000000020000040       0x29 Middlewares/ST/STM32_USB_Device_Library/Class/CustomHID/Src/usbd_customhid.o
 *fill*         0x0000000020000069        0x3 
 .data.USBD_CUSTOM_HID_CfgHSDesc
                0x000000002000006c       0x29 Middlewares/ST/STM32_USB_Device_Library/Class/CustomHID/Src/usbd_customhid.o
 *fill*         0x0000000020000095        0x3 
 .data.USBD_CUSTOM_HID_OtherSpeedCfgDesc
                0x0000000020000098       0x29 Middlewares/ST/STM32_USB_Device_Library/Class/CustomHID/Src/usbd_customhid.o
 *fill*         0x00000000200000c1        0x3 
 .data.USBD_CUSTOM_HID_Desc
                0x00000000200000c4        0x9 Middlewares/ST/STM32_USB_Device_Library/Class/CustomHID/Src/usbd_customhid.o
 *fill*         0x00000000200000cd        0x3 
 .data.USBD_CUSTOM_HID_DeviceQualifierDesc
                0x00000000200000d0        0xa Middlewares/ST/STM32_USB_Device_Library/Class/CustomHID/Src/usbd_customhid.o
 *fill*         0x00000000200000da        0x2 
 .data.SystemCoreClock
                0x00000000200000dc        0x4 Src/system_stm32l0xx.o
                0x00000000200000dc                SystemCoreClock
 .data.CUSTOM_HID_ReportDesc_FS
                0x00000000200000e0       0x21 Src/usbd_custom_hid_if.o
 *fill*         0x0000000020000101        0x3 
 .data.USBD_CustomHID_fops_FS
                0x0000000020000104       0x10 Src/usbd_custom_hid_if.o
                0x0000000020000104                USBD_CustomHID_fops_FS
 .data.FS_Desc  0x0000000020000114       0x1c Src/usbd_desc.o
                0x0000000020000114                FS_Desc
 .data.USBD_FS_DeviceDesc
                0x0000000020000130       0x12 Src/usbd_desc.o
                0x0000000020000130                USBD_FS_DeviceDesc
 *fill*         0x0000000020000142        0x2 
 .data.USBD_LangIDDesc
                0x0000000020000144        0x4 Src/usbd_desc.o
                0x0000000020000144                USBD_LangIDDesc
 .data.USBD_StringSerial
                0x0000000020000148       0x1a Src/usbd_desc.o
                0x0000000020000148                USBD_StringSerial
 *fill*         0x0000000020000162        0x2 
 .data._impure_ptr
                0x0000000020000164        0x4 c:/programs/st/stm32cubeide_1.4.0/stm32cubeide/plugins/com.st.stm32cube.ide.mcu.externaltools.gnu-tools-for-stm32.7-2018-q2-update.win32_1.4.0.202007081208/tools/bin/../lib/gcc/arm-none-eabi/7.3.1/../../../../arm-none-eabi/lib/thumb/v6-m\libc_nano.a(lib_a-impure.o)
                0x0000000020000164                _impure_ptr
 .data.impure_data
                0x0000000020000168       0x60 c:/programs/st/stm32cubeide_1.4.0/stm32cubeide/plugins/com.st.stm32cube.ide.mcu.externaltools.gnu-tools-for-stm32.7-2018-q2-update.win32_1.4.0.202007081208/tools/bin/../lib/gcc/arm-none-eabi/7.3.1/../../../../arm-none-eabi/lib/thumb/v6-m\libc_nano.a(lib_a-impure.o)
                0x00000000200001c8                . = ALIGN (0x4)
                0x00000000200001c8                _edata = .

.igot.plt       0x00000000200001c8        0x0 load address 0x0000000008007b38
 .igot.plt      0x00000000200001c8        0x0 c:/programs/st/stm32cubeide_1.4.0/stm32cubeide/plugins/com.st.stm32cube.ide.mcu.externaltools.gnu-tools-for-stm32.7-2018-q2-update.win32_1.4.0.202007081208/tools/bin/../lib/gcc/arm-none-eabi/7.3.1/thumb/v6-m/crtbegin.o
                0x00000000200001c8                . = ALIGN (0x4)

.bss            0x00000000200001c8      0x7c4 load address 0x0000000008007b38
                0x00000000200001c8                _sbss = .
                0x00000000200001c8                __bss_start__ = _sbss
 *(.bss)
 .bss           0x00000000200001c8       0x1c c:/programs/st/stm32cubeide_1.4.0/stm32cubeide/plugins/com.st.stm32cube.ide.mcu.externaltools.gnu-tools-for-stm32.7-2018-q2-update.win32_1.4.0.202007081208/tools/bin/../lib/gcc/arm-none-eabi/7.3.1/thumb/v6-m/crtbegin.o
 *(.bss*)
 .bss.cfgidx.7718
                0x00000000200001e4        0x1 Middlewares/ST/STM32_USB_Device_Library/Core/Src/usbd_ctlreq.o
 *fill*         0x00000000200001e5        0x3 
 .bss.__sbrk_heap_end
                0x00000000200001e8        0x4 Src/sysmem.o
 .bss.__malloc_free_list
                0x00000000200001ec        0x4 c:/programs/st/stm32cubeide_1.4.0/stm32cubeide/plugins/com.st.stm32cube.ide.mcu.externaltools.gnu-tools-for-stm32.7-2018-q2-update.win32_1.4.0.202007081208/tools/bin/../lib/gcc/arm-none-eabi/7.3.1/../../../../arm-none-eabi/lib/thumb/v6-m\libc_nano.a(lib_a-nano-mallocr.o)
                0x00000000200001ec                __malloc_free_list
 .bss.__malloc_sbrk_start
                0x00000000200001f0        0x4 c:/programs/st/stm32cubeide_1.4.0/stm32cubeide/plugins/com.st.stm32cube.ide.mcu.externaltools.gnu-tools-for-stm32.7-2018-q2-update.win32_1.4.0.202007081208/tools/bin/../lib/gcc/arm-none-eabi/7.3.1/../../../../arm-none-eabi/lib/thumb/v6-m\libc_nano.a(lib_a-nano-mallocr.o)
                0x00000000200001f0                __malloc_sbrk_start
 *(COMMON)
 COMMON         0x00000000200001f4        0x4 Drivers/STM32L0xx_HAL_Driver/Src/stm32l0xx_hal.o
                0x00000000200001f4                uwTick
 COMMON         0x00000000200001f8      0x29c Src/usb_device.o
                0x00000000200001f8                hUsbDeviceFS
 COMMON         0x0000000020000494      0x2f4 Src/usbd_conf.o
                0x0000000020000494                hpcd_USB_FS
 COMMON         0x0000000020000788      0x200 Src/usbd_desc.o
                0x0000000020000788                USBD_StrDesc
 COMMON         0x0000000020000988        0x4 c:/programs/st/stm32cubeide_1.4.0/stm32cubeide/plugins/com.st.stm32cube.ide.mcu.externaltools.gnu-tools-for-stm32.7-2018-q2-update.win32_1.4.0.202007081208/tools/bin/../lib/gcc/arm-none-eabi/7.3.1/../../../../arm-none-eabi/lib/thumb/v6-m\libc_nano.a(lib_a-reent.o)
                0x0000000020000988                errno
                0x000000002000098c                . = ALIGN (0x4)
                0x000000002000098c                _ebss = .
                0x000000002000098c                __bss_end__ = _ebss

._user_heap_stack
                0x000000002000098c      0x604 load address 0x0000000008007b38
                0x0000000020000990                . = ALIGN (0x8)
 *fill*         0x000000002000098c        0x4 
                [!provide]                        PROVIDE (end = .)
                0x0000000020000990                PROVIDE (_end = .)
                0x0000000020000b90                . = (. + _Min_Heap_Size)
 *fill*         0x0000000020000990      0x200 
                0x0000000020000f90                . = (. + _Min_Stack_Size)
 *fill*         0x0000000020000b90      0x400 
                0x0000000020000f90                . = ALIGN (0x8)

/DISCARD/
 libc.a(*)
 libm.a(*)
 libgcc.a(*)

.ARM.attributes
                0x0000000000000000       0x28
 *(.ARM.attributes)
 .ARM.attributes
                0x0000000000000000       0x1e c:/programs/st/stm32cubeide_1.4.0/stm32cubeide/plugins/com.st.stm32cube.ide.mcu.externaltools.gnu-tools-for-stm32.7-2018-q2-update.win32_1.4.0.202007081208/tools/bin/../lib/gcc/arm-none-eabi/7.3.1/thumb/v6-m/crti.o
 .ARM.attributes
                0x000000000000001e       0x2c c:/programs/st/stm32cubeide_1.4.0/stm32cubeide/plugins/com.st.stm32cube.ide.mcu.externaltools.gnu-tools-for-stm32.7-2018-q2-update.win32_1.4.0.202007081208/tools/bin/../lib/gcc/arm-none-eabi/7.3.1/thumb/v6-m/crtbegin.o
 .ARM.attributes
                0x000000000000004a       0x32 Drivers/STM32L0xx_HAL_Driver/Src/stm32l0xx_hal.o
 .ARM.attributes
                0x000000000000007c       0x32 Drivers/STM32L0xx_HAL_Driver/Src/stm32l0xx_hal_cortex.o
 .ARM.attributes
                0x00000000000000ae       0x32 Drivers/STM32L0xx_HAL_Driver/Src/stm32l0xx_hal_gpio.o
 .ARM.attributes
                0x00000000000000e0       0x32 Drivers/STM32L0xx_HAL_Driver/Src/stm32l0xx_hal_pcd.o
 .ARM.attributes
                0x0000000000000112       0x32 Drivers/STM32L0xx_HAL_Driver/Src/stm32l0xx_hal_pcd_ex.o
 .ARM.attributes
                0x0000000000000144       0x32 Drivers/STM32L0xx_HAL_Driver/Src/stm32l0xx_hal_rcc.o
 .ARM.attributes
                0x0000000000000176       0x32 Drivers/STM32L0xx_HAL_Driver/Src/stm32l0xx_hal_rcc_ex.o
 .ARM.attributes
                0x00000000000001a8       0x32 Drivers/STM32L0xx_HAL_Driver/Src/stm32l0xx_ll_usb.o
 .ARM.attributes
                0x00000000000001da       0x32 Middlewares/ST/STM32_USB_Device_Library/Class/CustomHID/Src/usbd_customhid.o
 .ARM.attributes
                0x000000000000020c       0x32 Middlewares/ST/STM32_USB_Device_Library/Core/Src/usbd_core.o
 .ARM.attributes
                0x000000000000023e       0x32 Middlewares/ST/STM32_USB_Device_Library/Core/Src/usbd_ctlreq.o
 .ARM.attributes
                0x0000000000000270       0x32 Middlewares/ST/STM32_USB_Device_Library/Core/Src/usbd_ioreq.o
 .ARM.attributes
                0x00000000000002a2       0x32 Src/main.o
 .ARM.attributes
                0x00000000000002d4       0x32 Src/stm32l0xx_hal_msp.o
 .ARM.attributes
                0x0000000000000306       0x32 Src/stm32l0xx_it.o
 .ARM.attributes
                0x0000000000000338       0x32 Src/sysmem.o
 .ARM.attributes
                0x000000000000036a       0x32 Src/system_stm32l0xx.o
 .ARM.attributes
                0x000000000000039c       0x32 Src/usb_device.o
 .ARM.attributes
                0x00000000000003ce       0x32 Src/usbd_conf.o
 .ARM.attributes
                0x0000000000000400       0x32 Src/usbd_custom_hid_if.o
 .ARM.attributes
                0x0000000000000432       0x32 Src/usbd_desc.o
 .ARM.attributes
                0x0000000000000464       0x22 Startup/startup_stm32l053c8tx.o
 .ARM.attributes
                0x0000000000000486       0x2c c:/programs/st/stm32cubeide_1.4.0/stm32cubeide/plugins/com.st.stm32cube.ide.mcu.externaltools.gnu-tools-for-stm32.7-2018-q2-update.win32_1.4.0.202007081208/tools/bin/../lib/gcc/arm-none-eabi/7.3.1/../../../../arm-none-eabi/lib/thumb/v6-m\libc_nano.a(lib_a-errno.o)
 .ARM.attributes
                0x00000000000004b2       0x2c c:/programs/st/stm32cubeide_1.4.0/stm32cubeide/plugins/com.st.stm32cube.ide.mcu.externaltools.gnu-tools-for-stm32.7-2018-q2-update.win32_1.4.0.202007081208/tools/bin/../lib/gcc/arm-none-eabi/7.3.1/../../../../arm-none-eabi/lib/thumb/v6-m\libc_nano.a(lib_a-impure.o)
 .ARM.attributes
                0x00000000000004de       0x2c c:/programs/st/stm32cubeide_1.4.0/stm32cubeide/plugins/com.st.stm32cube.ide.mcu.externaltools.gnu-tools-for-stm32.7-2018-q2-update.win32_1.4.0.202007081208/tools/bin/../lib/gcc/arm-none-eabi/7.3.1/../../../../arm-none-eabi/lib/thumb/v6-m\libc_nano.a(lib_a-init.o)
 .ARM.attributes
                0x000000000000050a       0x2c c:/programs/st/stm32cubeide_1.4.0/stm32cubeide/plugins/com.st.stm32cube.ide.mcu.externaltools.gnu-tools-for-stm32.7-2018-q2-update.win32_1.4.0.202007081208/tools/bin/../lib/gcc/arm-none-eabi/7.3.1/../../../../arm-none-eabi/lib/thumb/v6-m\libc_nano.a(lib_a-malloc.o)
 .ARM.attributes
                0x0000000000000536       0x2c c:/programs/st/stm32cubeide_1.4.0/stm32cubeide/plugins/com.st.stm32cube.ide.mcu.externaltools.gnu-tools-for-stm32.7-2018-q2-update.win32_1.4.0.202007081208/tools/bin/../lib/gcc/arm-none-eabi/7.3.1/../../../../arm-none-eabi/lib/thumb/v6-m\libc_nano.a(lib_a-memset.o)
 .ARM.attributes
                0x0000000000000562       0x2c c:/programs/st/stm32cubeide_1.4.0/stm32cubeide/plugins/com.st.stm32cube.ide.mcu.externaltools.gnu-tools-for-stm32.7-2018-q2-update.win32_1.4.0.202007081208/tools/bin/../lib/gcc/arm-none-eabi/7.3.1/../../../../arm-none-eabi/lib/thumb/v6-m\libc_nano.a(lib_a-nano-freer.o)
 .ARM.attributes
                0x000000000000058e       0x2c c:/programs/st/stm32cubeide_1.4.0/stm32cubeide/plugins/com.st.stm32cube.ide.mcu.externaltools.gnu-tools-for-stm32.7-2018-q2-update.win32_1.4.0.202007081208/tools/bin/../lib/gcc/arm-none-eabi/7.3.1/../../../../arm-none-eabi/lib/thumb/v6-m\libc_nano.a(lib_a-nano-mallocr.o)
 .ARM.attributes
                0x00000000000005ba       0x2c c:/programs/st/stm32cubeide_1.4.0/stm32cubeide/plugins/com.st.stm32cube.ide.mcu.externaltools.gnu-tools-for-stm32.7-2018-q2-update.win32_1.4.0.202007081208/tools/bin/../lib/gcc/arm-none-eabi/7.3.1/../../../../arm-none-eabi/lib/thumb/v6-m\libc_nano.a(lib_a-sbrkr.o)
 .ARM.attributes
                0x00000000000005e6       0x2c c:/programs/st/stm32cubeide_1.4.0/stm32cubeide/plugins/com.st.stm32cube.ide.mcu.externaltools.gnu-tools-for-stm32.7-2018-q2-update.win32_1.4.0.202007081208/tools/bin/../lib/gcc/arm-none-eabi/7.3.1/../../../../arm-none-eabi/lib/thumb/v6-m\libc_nano.a(lib_a-mlock.o)
 .ARM.attributes
                0x0000000000000612       0x2c c:/programs/st/stm32cubeide_1.4.0/stm32cubeide/plugins/com.st.stm32cube.ide.mcu.externaltools.gnu-tools-for-stm32.7-2018-q2-update.win32_1.4.0.202007081208/tools/bin/../lib/gcc/arm-none-eabi/7.3.1/../../../../arm-none-eabi/lib/thumb/v6-m\libc_nano.a(lib_a-reent.o)
 .ARM.attributes
                0x000000000000063e       0x1e c:/programs/st/stm32cubeide_1.4.0/stm32cubeide/plugins/com.st.stm32cube.ide.mcu.externaltools.gnu-tools-for-stm32.7-2018-q2-update.win32_1.4.0.202007081208/tools/bin/../lib/gcc/arm-none-eabi/7.3.1/thumb/v6-m\libgcc.a(_udivsi3.o)
 .ARM.attributes
                0x000000000000065c       0x1e c:/programs/st/stm32cubeide_1.4.0/stm32cubeide/plugins/com.st.stm32cube.ide.mcu.externaltools.gnu-tools-for-stm32.7-2018-q2-update.win32_1.4.0.202007081208/tools/bin/../lib/gcc/arm-none-eabi/7.3.1/thumb/v6-m\libgcc.a(_dvmd_tls.o)
 .ARM.attributes
                0x000000000000067a       0x1e c:/programs/st/stm32cubeide_1.4.0/stm32cubeide/plugins/com.st.stm32cube.ide.mcu.externaltools.gnu-tools-for-stm32.7-2018-q2-update.win32_1.4.0.202007081208/tools/bin/../lib/gcc/arm-none-eabi/7.3.1/thumb/v6-m/crtn.o
OUTPUT(usb_test-tempJ.elf elf32-littlearm)

.debug_info     0x0000000000000000    0x10c55
 .debug_info    0x0000000000000000      0x874 Drivers/STM32L0xx_HAL_Driver/Src/stm32l0xx_hal.o
 .debug_info    0x0000000000000874      0x916 Drivers/STM32L0xx_HAL_Driver/Src/stm32l0xx_hal_cortex.o
 .debug_info    0x000000000000118a      0x71d Drivers/STM32L0xx_HAL_Driver/Src/stm32l0xx_hal_gpio.o
 .debug_info    0x00000000000018a7     0x11be Drivers/STM32L0xx_HAL_Driver/Src/stm32l0xx_hal_pcd.o
 .debug_info    0x0000000000002a65      0x8b7 Drivers/STM32L0xx_HAL_Driver/Src/stm32l0xx_hal_pcd_ex.o
 .debug_info    0x000000000000331c      0x99d Drivers/STM32L0xx_HAL_Driver/Src/stm32l0xx_hal_rcc.o
 .debug_info    0x0000000000003cb9      0x85b Drivers/STM32L0xx_HAL_Driver/Src/stm32l0xx_hal_rcc_ex.o
 .debug_info    0x0000000000004514     0x164d Drivers/STM32L0xx_HAL_Driver/Src/stm32l0xx_ll_usb.o
 .debug_info    0x0000000000005b61     0x1267 Middlewares/ST/STM32_USB_Device_Library/Class/CustomHID/Src/usbd_customhid.o
 .debug_info    0x0000000000006dc8     0x11ce Middlewares/ST/STM32_USB_Device_Library/Core/Src/usbd_core.o
 .debug_info    0x0000000000007f96     0x112f Middlewares/ST/STM32_USB_Device_Library/Core/Src/usbd_ctlreq.o
 .debug_info    0x00000000000090c5      0xf2f Middlewares/ST/STM32_USB_Device_Library/Core/Src/usbd_ioreq.o
 .debug_info    0x0000000000009ff4      0xee5 Src/main.o
 .debug_info    0x000000000000aed9      0x2a4 Src/stm32l0xx_hal_msp.o
 .debug_info    0x000000000000b17d      0x65b Src/stm32l0xx_it.o
 .debug_info    0x000000000000b7d8      0x985 Src/sysmem.o
 .debug_info    0x000000000000c15d      0x3d9 Src/system_stm32l0xx.o
 .debug_info    0x000000000000c536      0xe52 Src/usb_device.o
 .debug_info    0x000000000000d388     0x1cd9 Src/usbd_conf.o
 .debug_info    0x000000000000f061      0xebf Src/usbd_custom_hid_if.o
 .debug_info    0x000000000000ff20      0xd13 Src/usbd_desc.o
 .debug_info    0x0000000000010c33       0x22 Startup/startup_stm32l053c8tx.o

.debug_abbrev   0x0000000000000000     0x2a84
 .debug_abbrev  0x0000000000000000      0x235 Drivers/STM32L0xx_HAL_Driver/Src/stm32l0xx_hal.o
 .debug_abbrev  0x0000000000000235      0x261 Drivers/STM32L0xx_HAL_Driver/Src/stm32l0xx_hal_cortex.o
 .debug_abbrev  0x0000000000000496      0x1c0 Drivers/STM32L0xx_HAL_Driver/Src/stm32l0xx_hal_gpio.o
 .debug_abbrev  0x0000000000000656      0x268 Drivers/STM32L0xx_HAL_Driver/Src/stm32l0xx_hal_pcd.o
 .debug_abbrev  0x00000000000008be      0x1eb Drivers/STM32L0xx_HAL_Driver/Src/stm32l0xx_hal_pcd_ex.o
 .debug_abbrev  0x0000000000000aa9      0x21a Drivers/STM32L0xx_HAL_Driver/Src/stm32l0xx_hal_rcc.o
 .debug_abbrev  0x0000000000000cc3      0x1ea Drivers/STM32L0xx_HAL_Driver/Src/stm32l0xx_hal_rcc_ex.o
 .debug_abbrev  0x0000000000000ead      0x22a Drivers/STM32L0xx_HAL_Driver/Src/stm32l0xx_ll_usb.o
 .debug_abbrev  0x00000000000010d7      0x286 Middlewares/ST/STM32_USB_Device_Library/Class/CustomHID/Src/usbd_customhid.o
 .debug_abbrev  0x000000000000135d      0x270 Middlewares/ST/STM32_USB_Device_Library/Core/Src/usbd_core.o
 .debug_abbrev  0x00000000000015cd      0x2a0 Middlewares/ST/STM32_USB_Device_Library/Core/Src/usbd_ctlreq.o
 .debug_abbrev  0x000000000000186d      0x1e0 Middlewares/ST/STM32_USB_Device_Library/Core/Src/usbd_ioreq.o
 .debug_abbrev  0x0000000000001a4d      0x211 Src/main.o
 .debug_abbrev  0x0000000000001c5e       0xe6 Src/stm32l0xx_hal_msp.o
 .debug_abbrev  0x0000000000001d44      0x13d Src/stm32l0xx_it.o
 .debug_abbrev  0x0000000000001e81      0x19b Src/sysmem.o
 .debug_abbrev  0x000000000000201c      0x12b Src/system_stm32l0xx.o
 .debug_abbrev  0x0000000000002147      0x1be Src/usb_device.o
 .debug_abbrev  0x0000000000002305      0x2e8 Src/usbd_conf.o
 .debug_abbrev  0x00000000000025ed      0x1f5 Src/usbd_custom_hid_if.o
 .debug_abbrev  0x00000000000027e2      0x290 Src/usbd_desc.o
 .debug_abbrev  0x0000000000002a72       0x12 Startup/startup_stm32l053c8tx.o

.debug_aranges  0x0000000000000000      0xa68
 .debug_aranges
                0x0000000000000000      0x110 Drivers/STM32L0xx_HAL_Driver/Src/stm32l0xx_hal.o
 .debug_aranges
                0x0000000000000110       0xd8 Drivers/STM32L0xx_HAL_Driver/Src/stm32l0xx_hal_cortex.o
 .debug_aranges
                0x00000000000001e8       0x58 Drivers/STM32L0xx_HAL_Driver/Src/stm32l0xx_hal_gpio.o
 .debug_aranges
                0x0000000000000240      0x130 Drivers/STM32L0xx_HAL_Driver/Src/stm32l0xx_hal_pcd.o
 .debug_aranges
                0x0000000000000370       0x58 Drivers/STM32L0xx_HAL_Driver/Src/stm32l0xx_hal_pcd_ex.o
 .debug_aranges
                0x00000000000003c8       0x80 Drivers/STM32L0xx_HAL_Driver/Src/stm32l0xx_hal_rcc.o
 .debug_aranges
                0x0000000000000448       0xb0 Drivers/STM32L0xx_HAL_Driver/Src/stm32l0xx_hal_rcc_ex.o
 .debug_aranges
                0x00000000000004f8       0xb0 Drivers/STM32L0xx_HAL_Driver/Src/stm32l0xx_ll_usb.o
 .debug_aranges
                0x00000000000005a8       0x78 Middlewares/ST/STM32_USB_Device_Library/Class/CustomHID/Src/usbd_customhid.o
 .debug_aranges
                0x0000000000000620       0xb8 Middlewares/ST/STM32_USB_Device_Library/Core/Src/usbd_core.o
 .debug_aranges
                0x00000000000006d8       0x88 Middlewares/ST/STM32_USB_Device_Library/Core/Src/usbd_ctlreq.o
 .debug_aranges
                0x0000000000000760       0x50 Middlewares/ST/STM32_USB_Device_Library/Core/Src/usbd_ioreq.o
 .debug_aranges
                0x00000000000007b0       0x38 Src/main.o
 .debug_aranges
                0x00000000000007e8       0x20 Src/stm32l0xx_hal_msp.o
 .debug_aranges
                0x0000000000000808       0x28 Src/stm32l0xx_it.o
 .debug_aranges
                0x0000000000000830       0x20 Src/sysmem.o
 .debug_aranges
                0x0000000000000850       0x28 Src/system_stm32l0xx.o
 .debug_aranges
                0x0000000000000878       0x20 Src/usb_device.o
 .debug_aranges
                0x0000000000000898      0x118 Src/usbd_conf.o
 .debug_aranges
                0x00000000000009b0       0x30 Src/usbd_custom_hid_if.o
 .debug_aranges
                0x00000000000009e0       0x60 Src/usbd_desc.o
 .debug_aranges
                0x0000000000000a40       0x28 Startup/startup_stm32l053c8tx.o

.debug_ranges   0x0000000000000000      0x910
 .debug_ranges  0x0000000000000000      0x100 Drivers/STM32L0xx_HAL_Driver/Src/stm32l0xx_hal.o
 .debug_ranges  0x0000000000000100       0xc8 Drivers/STM32L0xx_HAL_Driver/Src/stm32l0xx_hal_cortex.o
 .debug_ranges  0x00000000000001c8       0x48 Drivers/STM32L0xx_HAL_Driver/Src/stm32l0xx_hal_gpio.o
 .debug_ranges  0x0000000000000210      0x120 Drivers/STM32L0xx_HAL_Driver/Src/stm32l0xx_hal_pcd.o
 .debug_ranges  0x0000000000000330       0x48 Drivers/STM32L0xx_HAL_Driver/Src/stm32l0xx_hal_pcd_ex.o
 .debug_ranges  0x0000000000000378       0x70 Drivers/STM32L0xx_HAL_Driver/Src/stm32l0xx_hal_rcc.o
 .debug_ranges  0x00000000000003e8       0xa0 Drivers/STM32L0xx_HAL_Driver/Src/stm32l0xx_hal_rcc_ex.o
 .debug_ranges  0x0000000000000488       0xa0 Drivers/STM32L0xx_HAL_Driver/Src/stm32l0xx_ll_usb.o
 .debug_ranges  0x0000000000000528       0x68 Middlewares/ST/STM32_USB_Device_Library/Class/CustomHID/Src/usbd_customhid.o
 .debug_ranges  0x0000000000000590       0xa8 Middlewares/ST/STM32_USB_Device_Library/Core/Src/usbd_core.o
 .debug_ranges  0x0000000000000638       0x78 Middlewares/ST/STM32_USB_Device_Library/Core/Src/usbd_ctlreq.o
 .debug_ranges  0x00000000000006b0       0x40 Middlewares/ST/STM32_USB_Device_Library/Core/Src/usbd_ioreq.o
 .debug_ranges  0x00000000000006f0       0x28 Src/main.o
 .debug_ranges  0x0000000000000718       0x10 Src/stm32l0xx_hal_msp.o
 .debug_ranges  0x0000000000000728       0x18 Src/stm32l0xx_it.o
 .debug_ranges  0x0000000000000740       0x10 Src/sysmem.o
 .debug_ranges  0x0000000000000750       0x18 Src/system_stm32l0xx.o
 .debug_ranges  0x0000000000000768       0x10 Src/usb_device.o
 .debug_ranges  0x0000000000000778      0x108 Src/usbd_conf.o
 .debug_ranges  0x0000000000000880       0x20 Src/usbd_custom_hid_if.o
 .debug_ranges  0x00000000000008a0       0x50 Src/usbd_desc.o
 .debug_ranges  0x00000000000008f0       0x20 Startup/startup_stm32l053c8tx.o

.debug_macro    0x0000000000000000    0x15d8c
 .debug_macro   0x0000000000000000      0x1d8 Drivers/STM32L0xx_HAL_Driver/Src/stm32l0xx_hal.o
 .debug_macro   0x00000000000001d8      0xa48 Drivers/STM32L0xx_HAL_Driver/Src/stm32l0xx_hal.o
 .debug_macro   0x0000000000000c20      0x119 Drivers/STM32L0xx_HAL_Driver/Src/stm32l0xx_hal.o
 .debug_macro   0x0000000000000d39       0x2e Drivers/STM32L0xx_HAL_Driver/Src/stm32l0xx_hal.o
 .debug_macro   0x0000000000000d67       0x28 Drivers/STM32L0xx_HAL_Driver/Src/stm32l0xx_hal.o
 .debug_macro   0x0000000000000d8f       0x22 Drivers/STM32L0xx_HAL_Driver/Src/stm32l0xx_hal.o
 .debug_macro   0x0000000000000db1       0x8e Drivers/STM32L0xx_HAL_Driver/Src/stm32l0xx_hal.o
 .debug_macro   0x0000000000000e3f       0x51 Drivers/STM32L0xx_HAL_Driver/Src/stm32l0xx_hal.o
 .debug_macro   0x0000000000000e90       0xef Drivers/STM32L0xx_HAL_Driver/Src/stm32l0xx_hal.o
 .debug_macro   0x0000000000000f7f       0x6a Drivers/STM32L0xx_HAL_Driver/Src/stm32l0xx_hal.o
 .debug_macro   0x0000000000000fe9      0x1df Drivers/STM32L0xx_HAL_Driver/Src/stm32l0xx_hal.o
 .debug_macro   0x00000000000011c8       0x34 Drivers/STM32L0xx_HAL_Driver/Src/stm32l0xx_hal.o
 .debug_macro   0x00000000000011fc       0x26 Drivers/STM32L0xx_HAL_Driver/Src/stm32l0xx_hal.o
 .debug_macro   0x0000000000001222      0x44f Drivers/STM32L0xx_HAL_Driver/Src/stm32l0xx_hal.o
 .debug_macro   0x0000000000001671     0x9d0d Drivers/STM32L0xx_HAL_Driver/Src/stm32l0xx_hal.o
 .debug_macro   0x000000000000b37e       0x3c Drivers/STM32L0xx_HAL_Driver/Src/stm32l0xx_hal.o
 .debug_macro   0x000000000000b3ba     0x352c Drivers/STM32L0xx_HAL_Driver/Src/stm32l0xx_hal.o
 .debug_macro   0x000000000000e8e6      0x174 Drivers/STM32L0xx_HAL_Driver/Src/stm32l0xx_hal.o
 .debug_macro   0x000000000000ea5a       0x5b Drivers/STM32L0xx_HAL_Driver/Src/stm32l0xx_hal.o
 .debug_macro   0x000000000000eab5      0x8d6 Drivers/STM32L0xx_HAL_Driver/Src/stm32l0xx_hal.o
 .debug_macro   0x000000000000f38b      0x9d2 Drivers/STM32L0xx_HAL_Driver/Src/stm32l0xx_hal.o
 .debug_macro   0x000000000000fd5d      0x13f Drivers/STM32L0xx_HAL_Driver/Src/stm32l0xx_hal.o
 .debug_macro   0x000000000000fe9c      0x17d Drivers/STM32L0xx_HAL_Driver/Src/stm32l0xx_hal.o
 .debug_macro   0x0000000000010019      0x28e Drivers/STM32L0xx_HAL_Driver/Src/stm32l0xx_hal.o
 .debug_macro   0x00000000000102a7      0x1e9 Drivers/STM32L0xx_HAL_Driver/Src/stm32l0xx_hal.o
 .debug_macro   0x0000000000010490      0x129 Drivers/STM32L0xx_HAL_Driver/Src/stm32l0xx_hal.o
 .debug_macro   0x00000000000105b9      0x2b4 Drivers/STM32L0xx_HAL_Driver/Src/stm32l0xx_hal.o
 .debug_macro   0x000000000001086d      0x22c Drivers/STM32L0xx_HAL_Driver/Src/stm32l0xx_hal.o
 .debug_macro   0x0000000000010a99       0x5b Drivers/STM32L0xx_HAL_Driver/Src/stm32l0xx_hal.o
 .debug_macro   0x0000000000010af4       0xa5 Drivers/STM32L0xx_HAL_Driver/Src/stm32l0xx_hal.o
 .debug_macro   0x0000000000010b99      0x187 Drivers/STM32L0xx_HAL_Driver/Src/stm32l0xx_hal.o
 .debug_macro   0x0000000000010d20       0x16 Drivers/STM32L0xx_HAL_Driver/Src/stm32l0xx_hal.o
 .debug_macro   0x0000000000010d36       0x65 Drivers/STM32L0xx_HAL_Driver/Src/stm32l0xx_hal.o
 .debug_macro   0x0000000000010d9b      0x234 Drivers/STM32L0xx_HAL_Driver/Src/stm32l0xx_hal.o
 .debug_macro   0x0000000000010fcf      0x16c Drivers/STM32L0xx_HAL_Driver/Src/stm32l0xx_hal.o
 .debug_macro   0x000000000001113b      0x1b4 Drivers/STM32L0xx_HAL_Driver/Src/stm32l0xx_hal_cortex.o
 .debug_macro   0x00000000000112ef      0x1ec Drivers/STM32L0xx_HAL_Driver/Src/stm32l0xx_hal_gpio.o
 .debug_macro   0x00000000000114db      0x1c0 Drivers/STM32L0xx_HAL_Driver/Src/stm32l0xx_hal_pcd.o
 .debug_macro   0x000000000001169b      0x1b4 Drivers/STM32L0xx_HAL_Driver/Src/stm32l0xx_hal_pcd_ex.o
 .debug_macro   0x000000000001184f      0x1d8 Drivers/STM32L0xx_HAL_Driver/Src/stm32l0xx_hal_rcc.o
 .debug_macro   0x0000000000011a27      0x1b4 Drivers/STM32L0xx_HAL_Driver/Src/stm32l0xx_hal_rcc_ex.o
 .debug_macro   0x0000000000011bdb      0x1b4 Drivers/STM32L0xx_HAL_Driver/Src/stm32l0xx_ll_usb.o
 .debug_macro   0x0000000000011d8f      0x3d0 Middlewares/ST/STM32_USB_Device_Library/Class/CustomHID/Src/usbd_customhid.o
 .debug_macro   0x000000000001215f       0x40 Middlewares/ST/STM32_USB_Device_Library/Class/CustomHID/Src/usbd_customhid.o
 .debug_macro   0x000000000001219f       0x18 Middlewares/ST/STM32_USB_Device_Library/Class/CustomHID/Src/usbd_customhid.o
 .debug_macro   0x00000000000121b7       0x94 Middlewares/ST/STM32_USB_Device_Library/Class/CustomHID/Src/usbd_customhid.o
 .debug_macro   0x000000000001224b       0x3c Middlewares/ST/STM32_USB_Device_Library/Class/CustomHID/Src/usbd_customhid.o
 .debug_macro   0x0000000000012287       0x34 Middlewares/ST/STM32_USB_Device_Library/Class/CustomHID/Src/usbd_customhid.o
 .debug_macro   0x00000000000122bb       0x16 Middlewares/ST/STM32_USB_Device_Library/Class/CustomHID/Src/usbd_customhid.o
 .debug_macro   0x00000000000122d1       0x57 Middlewares/ST/STM32_USB_Device_Library/Class/CustomHID/Src/usbd_customhid.o
 .debug_macro   0x0000000000012328       0x97 Middlewares/ST/STM32_USB_Device_Library/Class/CustomHID/Src/usbd_customhid.o
 .debug_macro   0x00000000000123bf      0x330 Middlewares/ST/STM32_USB_Device_Library/Class/CustomHID/Src/usbd_customhid.o
 .debug_macro   0x00000000000126ef       0xfd Middlewares/ST/STM32_USB_Device_Library/Class/CustomHID/Src/usbd_customhid.o
 .debug_macro   0x00000000000127ec       0x10 Middlewares/ST/STM32_USB_Device_Library/Class/CustomHID/Src/usbd_customhid.o
 .debug_macro   0x00000000000127fc       0x52 Middlewares/ST/STM32_USB_Device_Library/Class/CustomHID/Src/usbd_customhid.o
 .debug_macro   0x000000000001284e       0x1f Middlewares/ST/STM32_USB_Device_Library/Class/CustomHID/Src/usbd_customhid.o
 .debug_macro   0x000000000001286d       0x43 Middlewares/ST/STM32_USB_Device_Library/Class/CustomHID/Src/usbd_customhid.o
 .debug_macro   0x00000000000128b0       0x20 Middlewares/ST/STM32_USB_Device_Library/Class/CustomHID/Src/usbd_customhid.o
 .debug_macro   0x00000000000128d0      0x1a3 Middlewares/ST/STM32_USB_Device_Library/Class/CustomHID/Src/usbd_customhid.o
 .debug_macro   0x0000000000012a73       0x10 Middlewares/ST/STM32_USB_Device_Library/Class/CustomHID/Src/usbd_customhid.o
 .debug_macro   0x0000000000012a83       0x1c Middlewares/ST/STM32_USB_Device_Library/Class/CustomHID/Src/usbd_customhid.o
 .debug_macro   0x0000000000012a9f       0x52 Middlewares/ST/STM32_USB_Device_Library/Class/CustomHID/Src/usbd_customhid.o
 .debug_macro   0x0000000000012af1       0x40 Middlewares/ST/STM32_USB_Device_Library/Class/CustomHID/Src/usbd_customhid.o
 .debug_macro   0x0000000000012b31       0x10 Middlewares/ST/STM32_USB_Device_Library/Class/CustomHID/Src/usbd_customhid.o
 .debug_macro   0x0000000000012b41       0x40 Middlewares/ST/STM32_USB_Device_Library/Class/CustomHID/Src/usbd_customhid.o
 .debug_macro   0x0000000000012b81       0xd7 Middlewares/ST/STM32_USB_Device_Library/Class/CustomHID/Src/usbd_customhid.o
 .debug_macro   0x0000000000012c58       0x1c Middlewares/ST/STM32_USB_Device_Library/Class/CustomHID/Src/usbd_customhid.o
 .debug_macro   0x0000000000012c74       0x3d Middlewares/ST/STM32_USB_Device_Library/Class/CustomHID/Src/usbd_customhid.o
 .debug_macro   0x0000000000012cb1       0x16 Middlewares/ST/STM32_USB_Device_Library/Class/CustomHID/Src/usbd_customhid.o
 .debug_macro   0x0000000000012cc7      0x145 Middlewares/ST/STM32_USB_Device_Library/Class/CustomHID/Src/usbd_customhid.o
 .debug_macro   0x0000000000012e0c       0x16 Middlewares/ST/STM32_USB_Device_Library/Class/CustomHID/Src/usbd_customhid.o
 .debug_macro   0x0000000000012e22       0x35 Middlewares/ST/STM32_USB_Device_Library/Class/CustomHID/Src/usbd_customhid.o
 .debug_macro   0x0000000000012e57       0x16 Middlewares/ST/STM32_USB_Device_Library/Class/CustomHID/Src/usbd_customhid.o
 .debug_macro   0x0000000000012e6d       0x29 Middlewares/ST/STM32_USB_Device_Library/Class/CustomHID/Src/usbd_customhid.o
 .debug_macro   0x0000000000012e96       0x16 Middlewares/ST/STM32_USB_Device_Library/Class/CustomHID/Src/usbd_customhid.o
 .debug_macro   0x0000000000012eac       0x20 Middlewares/ST/STM32_USB_Device_Library/Class/CustomHID/Src/usbd_customhid.o
 .debug_macro   0x0000000000012ecc       0x55 Middlewares/ST/STM32_USB_Device_Library/Class/CustomHID/Src/usbd_customhid.o
 .debug_macro   0x0000000000012f21      0x13c Middlewares/ST/STM32_USB_Device_Library/Class/CustomHID/Src/usbd_customhid.o
 .debug_macro   0x000000000001305d       0x72 Middlewares/ST/STM32_USB_Device_Library/Class/CustomHID/Src/usbd_customhid.o
 .debug_macro   0x00000000000130cf      0x1d6 Middlewares/ST/STM32_USB_Device_Library/Class/CustomHID/Src/usbd_customhid.o
 .debug_macro   0x00000000000132a5       0x65 Middlewares/ST/STM32_USB_Device_Library/Class/CustomHID/Src/usbd_customhid.o
 .debug_macro   0x000000000001330a      0x3b7 Middlewares/ST/STM32_USB_Device_Library/Core/Src/usbd_core.o
 .debug_macro   0x00000000000136c1      0x1dc Middlewares/ST/STM32_USB_Device_Library/Core/Src/usbd_core.o
 .debug_macro   0x000000000001389d      0x3c1 Middlewares/ST/STM32_USB_Device_Library/Core/Src/usbd_ctlreq.o
 .debug_macro   0x0000000000013c5e      0x3bd Middlewares/ST/STM32_USB_Device_Library/Core/Src/usbd_ioreq.o
 .debug_macro   0x000000000001401b      0x3a9 Src/main.o
 .debug_macro   0x00000000000143c4       0x46 Src/main.o
 .debug_macro   0x000000000001440a      0x1c3 Src/stm32l0xx_hal_msp.o
 .debug_macro   0x00000000000145cd      0x1cd Src/stm32l0xx_it.o
 .debug_macro   0x000000000001479a       0xee Src/sysmem.o
 .debug_macro   0x0000000000014888      0x23b Src/sysmem.o
 .debug_macro   0x0000000000014ac3      0x1ba Src/system_stm32l0xx.o
 .debug_macro   0x0000000000014c7d      0x3f1 Src/usb_device.o
 .debug_macro   0x000000000001506e      0x142 Src/usb_device.o
 .debug_macro   0x00000000000151b0       0x22 Src/usb_device.o
 .debug_macro   0x00000000000151d2      0x3d4 Src/usbd_conf.o
 .debug_macro   0x00000000000155a6      0x3d6 Src/usbd_custom_hid_if.o
 .debug_macro   0x000000000001597c      0x3f4 Src/usbd_desc.o
 .debug_macro   0x0000000000015d70       0x1c Src/usbd_desc.o

.debug_line     0x0000000000000000     0xca9e
 .debug_line    0x0000000000000000      0x919 Drivers/STM32L0xx_HAL_Driver/Src/stm32l0xx_hal.o
 .debug_line    0x0000000000000919      0x907 Drivers/STM32L0xx_HAL_Driver/Src/stm32l0xx_hal_cortex.o
 .debug_line    0x0000000000001220      0x85b Drivers/STM32L0xx_HAL_Driver/Src/stm32l0xx_hal_gpio.o
 .debug_line    0x0000000000001a7b      0xca8 Drivers/STM32L0xx_HAL_Driver/Src/stm32l0xx_hal_pcd.o
 .debug_line    0x0000000000002723      0x795 Drivers/STM32L0xx_HAL_Driver/Src/stm32l0xx_hal_pcd_ex.o
 .debug_line    0x0000000000002eb8      0x98a Drivers/STM32L0xx_HAL_Driver/Src/stm32l0xx_hal_rcc.o
 .debug_line    0x0000000000003842      0x9e0 Drivers/STM32L0xx_HAL_Driver/Src/stm32l0xx_hal_rcc_ex.o
 .debug_line    0x0000000000004222      0xca0 Drivers/STM32L0xx_HAL_Driver/Src/stm32l0xx_ll_usb.o
 .debug_line    0x0000000000004ec2      0xb2d Middlewares/ST/STM32_USB_Device_Library/Class/CustomHID/Src/usbd_customhid.o
 .debug_line    0x00000000000059ef      0xbb3 Middlewares/ST/STM32_USB_Device_Library/Core/Src/usbd_core.o
 .debug_line    0x00000000000065a2      0xc17 Middlewares/ST/STM32_USB_Device_Library/Core/Src/usbd_ctlreq.o
 .debug_line    0x00000000000071b9      0xa1d Middlewares/ST/STM32_USB_Device_Library/Core/Src/usbd_ioreq.o
 .debug_line    0x0000000000007bd6      0x9ff Src/main.o
 .debug_line    0x00000000000085d5      0x6c9 Src/stm32l0xx_hal_msp.o
 .debug_line    0x0000000000008c9e      0x6e7 Src/stm32l0xx_it.o
 .debug_line    0x0000000000009385      0x4ef Src/sysmem.o
 .debug_line    0x0000000000009874      0x6f8 Src/system_stm32l0xx.o
 .debug_line    0x0000000000009f6c      0xa07 Src/usb_device.o
 .debug_line    0x000000000000a973      0xc53 Src/usbd_conf.o
 .debug_line    0x000000000000b5c6      0xa0d Src/usbd_custom_hid_if.o
 .debug_line    0x000000000000bfd3      0xa46 Src/usbd_desc.o
 .debug_line    0x000000000000ca19       0x85 Startup/startup_stm32l053c8tx.o

.debug_str      0x0000000000000000    0x76719
 .debug_str     0x0000000000000000    0x6e607 Drivers/STM32L0xx_HAL_Driver/Src/stm32l0xx_hal.o
                                      0x6ea49 (size before relaxing)
 .debug_str     0x000000000006e607      0x300 Drivers/STM32L0xx_HAL_Driver/Src/stm32l0xx_hal_cortex.o
                                      0x6e84a (size before relaxing)
 .debug_str     0x000000000006e907      0x2c0 Drivers/STM32L0xx_HAL_Driver/Src/stm32l0xx_hal_gpio.o
                                      0x6e6b8 (size before relaxing)
 .debug_str     0x000000000006ebc7      0x713 Drivers/STM32L0xx_HAL_Driver/Src/stm32l0xx_hal_pcd.o
                                      0x6eacd (size before relaxing)
 .debug_str     0x000000000006f2da      0x1c6 Drivers/STM32L0xx_HAL_Driver/Src/stm32l0xx_hal_pcd_ex.o
                                      0x6e8a5 (size before relaxing)
 .debug_str     0x000000000006f4a0      0x3ca Drivers/STM32L0xx_HAL_Driver/Src/stm32l0xx_hal_rcc.o
                                      0x6e875 (size before relaxing)
 .debug_str     0x000000000006f86a      0x454 Drivers/STM32L0xx_HAL_Driver/Src/stm32l0xx_hal_rcc_ex.o
                                      0x6e891 (size before relaxing)
 .debug_str     0x000000000006fcbe      0x1f6 Drivers/STM32L0xx_HAL_Driver/Src/stm32l0xx_ll_usb.o
                                      0x6e78c (size before relaxing)
 .debug_str     0x000000000006feb4     0x591b Middlewares/ST/STM32_USB_Device_Library/Class/CustomHID/Src/usbd_customhid.o
                                      0x73d4d (size before relaxing)
 .debug_str     0x00000000000757cf      0x1bc Middlewares/ST/STM32_USB_Device_Library/Core/Src/usbd_core.o
                                      0x739c9 (size before relaxing)
 .debug_str     0x000000000007598b      0x12f Middlewares/ST/STM32_USB_Device_Library/Core/Src/usbd_ctlreq.o
                                      0x7394f (size before relaxing)
 .debug_str     0x0000000000075aba       0xc9 Middlewares/ST/STM32_USB_Device_Library/Core/Src/usbd_ioreq.o
                                      0x738d7 (size before relaxing)
 .debug_str     0x0000000000075b83       0x64 Src/main.o
                                      0x737c7 (size before relaxing)
 .debug_str     0x0000000000075be7       0x1b Src/stm32l0xx_hal_msp.o
                                      0x6e8a1 (size before relaxing)
 .debug_str     0x0000000000075c02       0x53 Src/stm32l0xx_it.o
                                      0x6ebd7 (size before relaxing)
 .debug_str     0x0000000000075c55      0x4e4 Src/sysmem.o
                                       0x5ecc (size before relaxing)
 .debug_str     0x0000000000076139       0x64 Src/system_stm32l0xx.o
                                      0x6e403 (size before relaxing)
 .debug_str     0x000000000007619d       0xe8 Src/usb_device.o
                                      0x73b47 (size before relaxing)
 .debug_str     0x0000000000076285      0x183 Src/usbd_conf.o
                                      0x7432e (size before relaxing)
 .debug_str     0x0000000000076408       0x7e Src/usbd_custom_hid_if.o
                                      0x73b0e (size before relaxing)
 .debug_str     0x0000000000076486      0x262 Src/usbd_desc.o
                                      0x7384c (size before relaxing)
 .debug_str     0x00000000000766e8       0x31 Startup/startup_stm32l053c8tx.o
                                         0x7e (size before relaxing)

.comment        0x0000000000000000       0x7b
 .comment       0x0000000000000000       0x7b Drivers/STM32L0xx_HAL_Driver/Src/stm32l0xx_hal.o
                                         0x7c (size before relaxing)
 .comment       0x000000000000007b       0x7c Drivers/STM32L0xx_HAL_Driver/Src/stm32l0xx_hal_cortex.o
 .comment       0x000000000000007b       0x7c Drivers/STM32L0xx_HAL_Driver/Src/stm32l0xx_hal_gpio.o
 .comment       0x000000000000007b       0x7c Drivers/STM32L0xx_HAL_Driver/Src/stm32l0xx_hal_pcd.o
 .comment       0x000000000000007b       0x7c Drivers/STM32L0xx_HAL_Driver/Src/stm32l0xx_hal_pcd_ex.o
 .comment       0x000000000000007b       0x7c Drivers/STM32L0xx_HAL_Driver/Src/stm32l0xx_hal_rcc.o
 .comment       0x000000000000007b       0x7c Drivers/STM32L0xx_HAL_Driver/Src/stm32l0xx_hal_rcc_ex.o
 .comment       0x000000000000007b       0x7c Drivers/STM32L0xx_HAL_Driver/Src/stm32l0xx_ll_usb.o
 .comment       0x000000000000007b       0x7c Middlewares/ST/STM32_USB_Device_Library/Class/CustomHID/Src/usbd_customhid.o
 .comment       0x000000000000007b       0x7c Middlewares/ST/STM32_USB_Device_Library/Core/Src/usbd_core.o
 .comment       0x000000000000007b       0x7c Middlewares/ST/STM32_USB_Device_Library/Core/Src/usbd_ctlreq.o
 .comment       0x000000000000007b       0x7c Middlewares/ST/STM32_USB_Device_Library/Core/Src/usbd_ioreq.o
 .comment       0x000000000000007b       0x7c Src/main.o
 .comment       0x000000000000007b       0x7c Src/stm32l0xx_hal_msp.o
 .comment       0x000000000000007b       0x7c Src/stm32l0xx_it.o
 .comment       0x000000000000007b       0x7c Src/sysmem.o
 .comment       0x000000000000007b       0x7c Src/system_stm32l0xx.o
 .comment       0x000000000000007b       0x7c Src/usb_device.o
 .comment       0x000000000000007b       0x7c Src/usbd_conf.o
 .comment       0x000000000000007b       0x7c Src/usbd_custom_hid_if.o
 .comment       0x000000000000007b       0x7c Src/usbd_desc.o

.debug_frame    0x0000000000000000     0x23b0
 .debug_frame   0x0000000000000000      0x394 Drivers/STM32L0xx_HAL_Driver/Src/stm32l0xx_hal.o
 .debug_frame   0x0000000000000394      0x2fc Drivers/STM32L0xx_HAL_Driver/Src/stm32l0xx_hal_cortex.o
 .debug_frame   0x0000000000000690      0x110 Drivers/STM32L0xx_HAL_Driver/Src/stm32l0xx_hal_gpio.o
 .debug_frame   0x00000000000007a0      0x474 Drivers/STM32L0xx_HAL_Driver/Src/stm32l0xx_hal_pcd.o
 .debug_frame   0x0000000000000c14      0x110 Drivers/STM32L0xx_HAL_Driver/Src/stm32l0xx_hal_pcd_ex.o
 .debug_frame   0x0000000000000d24      0x1a4 Drivers/STM32L0xx_HAL_Driver/Src/stm32l0xx_hal_rcc.o
 .debug_frame   0x0000000000000ec8      0x244 Drivers/STM32L0xx_HAL_Driver/Src/stm32l0xx_hal_rcc_ex.o
 .debug_frame   0x000000000000110c      0x284 Drivers/STM32L0xx_HAL_Driver/Src/stm32l0xx_ll_usb.o
 .debug_frame   0x0000000000001390      0x190 Middlewares/ST/STM32_USB_Device_Library/Class/CustomHID/Src/usbd_customhid.o
 .debug_frame   0x0000000000001520      0x290 Middlewares/ST/STM32_USB_Device_Library/Core/Src/usbd_core.o
 .debug_frame   0x00000000000017b0      0x1d4 Middlewares/ST/STM32_USB_Device_Library/Core/Src/usbd_ctlreq.o
 .debug_frame   0x0000000000001984       0xf0 Middlewares/ST/STM32_USB_Device_Library/Core/Src/usbd_ioreq.o
 .debug_frame   0x0000000000001a74       0x88 Src/main.o
 .debug_frame   0x0000000000001afc       0x2c Src/stm32l0xx_hal_msp.o
 .debug_frame   0x0000000000001b28       0x48 Src/stm32l0xx_it.o
 .debug_frame   0x0000000000001b70       0x30 Src/sysmem.o
 .debug_frame   0x0000000000001ba0       0x4c Src/system_stm32l0xx.o
 .debug_frame   0x0000000000001bec       0x2c Src/usb_device.o
 .debug_frame   0x0000000000001c18      0x438 Src/usbd_conf.o
 .debug_frame   0x0000000000002050       0x68 Src/usbd_custom_hid_if.o
 .debug_frame   0x00000000000020b8      0x130 Src/usbd_desc.o
 .debug_frame   0x00000000000021e8       0x20 c:/programs/st/stm32cubeide_1.4.0/stm32cubeide/plugins/com.st.stm32cube.ide.mcu.externaltools.gnu-tools-for-stm32.7-2018-q2-update.win32_1.4.0.202007081208/tools/bin/../lib/gcc/arm-none-eabi/7.3.1/../../../../arm-none-eabi/lib/thumb/v6-m\libc_nano.a(lib_a-errno.o)
 .debug_frame   0x0000000000002208       0x2c c:/programs/st/stm32cubeide_1.4.0/stm32cubeide/plugins/com.st.stm32cube.ide.mcu.externaltools.gnu-tools-for-stm32.7-2018-q2-update.win32_1.4.0.202007081208/tools/bin/../lib/gcc/arm-none-eabi/7.3.1/../../../../arm-none-eabi/lib/thumb/v6-m\libc_nano.a(lib_a-init.o)
 .debug_frame   0x0000000000002234       0x40 c:/programs/st/stm32cubeide_1.4.0/stm32cubeide/plugins/com.st.stm32cube.ide.mcu.externaltools.gnu-tools-for-stm32.7-2018-q2-update.win32_1.4.0.202007081208/tools/bin/../lib/gcc/arm-none-eabi/7.3.1/../../../../arm-none-eabi/lib/thumb/v6-m\libc_nano.a(lib_a-malloc.o)
 .debug_frame   0x0000000000002274       0x20 c:/programs/st/stm32cubeide_1.4.0/stm32cubeide/plugins/com.st.stm32cube.ide.mcu.externaltools.gnu-tools-for-stm32.7-2018-q2-update.win32_1.4.0.202007081208/tools/bin/../lib/gcc/arm-none-eabi/7.3.1/../../../../arm-none-eabi/lib/thumb/v6-m\libc_nano.a(lib_a-memset.o)
 .debug_frame   0x0000000000002294       0x2c c:/programs/st/stm32cubeide_1.4.0/stm32cubeide/plugins/com.st.stm32cube.ide.mcu.externaltools.gnu-tools-for-stm32.7-2018-q2-update.win32_1.4.0.202007081208/tools/bin/../lib/gcc/arm-none-eabi/7.3.1/../../../../arm-none-eabi/lib/thumb/v6-m\libc_nano.a(lib_a-nano-freer.o)
 .debug_frame   0x00000000000022c0       0x2c c:/programs/st/stm32cubeide_1.4.0/stm32cubeide/plugins/com.st.stm32cube.ide.mcu.externaltools.gnu-tools-for-stm32.7-2018-q2-update.win32_1.4.0.202007081208/tools/bin/../lib/gcc/arm-none-eabi/7.3.1/../../../../arm-none-eabi/lib/thumb/v6-m\libc_nano.a(lib_a-nano-mallocr.o)
 .debug_frame   0x00000000000022ec       0x2c c:/programs/st/stm32cubeide_1.4.0/stm32cubeide/plugins/com.st.stm32cube.ide.mcu.externaltools.gnu-tools-for-stm32.7-2018-q2-update.win32_1.4.0.202007081208/tools/bin/../lib/gcc/arm-none-eabi/7.3.1/../../../../arm-none-eabi/lib/thumb/v6-m\libc_nano.a(lib_a-sbrkr.o)
 .debug_frame   0x0000000000002318       0x30 c:/programs/st/stm32cubeide_1.4.0/stm32cubeide/plugins/com.st.stm32cube.ide.mcu.externaltools.gnu-tools-for-stm32.7-2018-q2-update.win32_1.4.0.202007081208/tools/bin/../lib/gcc/arm-none-eabi/7.3.1/../../../../arm-none-eabi/lib/thumb/v6-m\libc_nano.a(lib_a-mlock.o)
 .debug_frame   0x0000000000002348       0x48 c:/programs/st/stm32cubeide_1.4.0/stm32cubeide/plugins/com.st.stm32cube.ide.mcu.externaltools.gnu-tools-for-stm32.7-2018-q2-update.win32_1.4.0.202007081208/tools/bin/../lib/gcc/arm-none-eabi/7.3.1/../../../../arm-none-eabi/lib/thumb/v6-m\libc_nano.a(lib_a-reent.o)
 .debug_frame   0x0000000000002390       0x20 c:/programs/st/stm32cubeide_1.4.0/stm32cubeide/plugins/com.st.stm32cube.ide.mcu.externaltools.gnu-tools-for-stm32.7-2018-q2-update.win32_1.4.0.202007081208/tools/bin/../lib/gcc/arm-none-eabi/7.3.1/thumb/v6-m\libgcc.a(_udivsi3.o)
